[www.kalamacademy.org/index.html]
[backblue.gif]
[fade.gif]
[index.html]
[www.kalamacademy.org/newAssests/img/kalam_header_logo.png]
[www.kalamacademy.org/newAssests/img/kalam_hero_section.webp]
[www.kalamacademy.org/newAssests/img/placeholder1.jpg]
[www.kalamacademy.org/newAssests/img/kalam_bg2.png]
[www.kalamacademy.org/web-development-course-in-ranchi/index.html]
[www.kalamacademy.org/business/index.html]
[www.kalamacademy.org/newAssests/js/index.js]
[www.kalamacademy.org/index.html]
[www.kalamacademy.org/digital-marketing-course-in-ranchi/index.html]
[www.kalamacademy.org/newAssests/img/big_img.webp]
[www.kalamacademy.org/newAssests/css/index.css]
[www.kalamacademy.org/ranchi-creators-meet-1-0/index.html]
[www.kalamacademy.org/personality-development-classes-in-ranchi-kalam-academy/index.html]
[www.kalamacademy.org/ranchi-creators-meet-2-0/index.html]
[connect.facebook.net/en_US/fbevents.js]
[www.kalamacademy.org/newAssests/img/kalam_web_heroback.webp]
[www.kalamacademy.org/web-development-course-in-ranchi/index-2.html]
[www.kalamacademy.org/web-development-course-in-ranchi/index.js]
[www.kalamacademy.org/web-development-course-in-ranchi/ash_script_dm.js]
[www.kalamacademy.org/web-development-course-in-ranchi/index.html]
[www.kalamacademy.org/newAssests/img/kalam_digital_hero.webp]
[www.kalamacademy.org/digital-marketing-course-in-ranchi/index-2.html]
[www.kalamacademy.org/digital-marketing-course-in-ranchi/index.js]
[www.kalamacademy.org/digital-marketing-course-in-ranchi/ash_script_dm.js]
[www.kalamacademy.org/digital-marketing-course-in-ranchi/index.html]
[www.kalamacademy.org/newAssests/img/kalam_buisness_heroback.webp]
[www.kalamacademy.org/business/index.js]
[www.kalamacademy.org/Assests/script/ash_script.js]
[www.kalamacademy.org/business/index.html]
[www.kalamacademy.org/wp-content/uploads/2021/12/Ranchi-Creators-Meet-Photos-1-500x313.jpg]
[www.kalamacademy.org/feed/index.html]
[www.kalamacademy.org/comments/feed/index.html]
[www.kalamacademy.org/wp-includes/js/jquery/jquery.minf43b.js]
[www.kalamacademy.org/wp-includes/js/jquery/jquery-migrate.min5589.js]
[www.kalamacademy.org/wp-content/plugins/elementor/assets/lib/font-awesome/js/v4-shims.min7871.js]
[www.kalamacademy.org/wp-content/plugins/happy-elementor-addons/assets/vendor/dom-purify/purify.min005e.js]
[www.kalamacademy.org/wp-json/wp/v2/pages/4027.json]
[www.kalamacademy.org/xmlrpc0db0.php]
[www.kalamacademy.org/index7513.html]
[www.kalamacademy.org/wp-json/index.html]
[www.kalamacademy.org/wp-json/oembed/1.0/embed37da.json]
[www.kalamacademy.org/wp-json/oembed/1.0/embeda494]
[www.kalamacademy.org/wp-content/uploads/2024/09/cropped-Untitled-design-32x32.png]
[www.kalamacademy.org/wp-content/uploads/2024/09/cropped-Untitled-design-192x192.png]
[www.kalamacademy.org/wp-content/uploads/2024/09/cropped-Untitled-design-180x180.png]
[www.kalamacademy.org/wp-content/uploads/2020/10/cropped-KA-1.png]
[www.kalamacademy.org/wp-content/uploads/2021/12/Ranchi-Creators-Meet-Photos-1.jpg]
[www.kalamacademy.org/wp-content/uploads/2021/12/Ranchi-Creators-Meet-Photos-2.jpg]
[www.kalamacademy.org/wp-content/uploads/2021/12/Ranchi-Creators-Meet-Photos-2-500x313.jpg]
[www.kalamacademy.org/wp-content/uploads/2021/12/Ranchi-Creators-Meet-Photos-3.jpg]
[www.kalamacademy.org/start-online-doorstep-service-business/index.html]
[www.kalamacademy.org/wp-content/uploads/2021/12/Ranchi-Creators-Meet-Photos-3-500x313.jpg]
[www.kalamacademy.org/website-development-company-in-india-web-designing-company-in-india/index.html]
[www.kalamacademy.org/wp-content/uploads/2021/12/Ranchi-Creators-Meet-Photos-4.jpg]
[www.kalamacademy.org/wp-content/uploads/2021/12/Ranchi-Creators-Meet-Photos-4-500x313.jpg]
[www.kalamacademy.org/wp-content/uploads/2021/12/Ranchi-Creators-Meet-Photos-5.jpg]
[www.kalamacademy.org/wp-content/uploads/2021/12/Ranchi-Creators-Meet-Photos-5-500x313.jpg]
[www.kalamacademy.org/wp-content/uploads/2021/12/Ranchi-Creators-Meet-Photos-6.jpg]
[www.kalamacademy.org/wp-content/uploads/2021/12/Ranchi-Creators-Meet-Photos-6-500x313.jpg]
[www.kalamacademy.org/wp-content/uploads/2021/12/Ranchi-Creators-Meet-Photos-7.jpg]
[www.kalamacademy.org/wp-content/uploads/2021/12/Ranchi-Creators-Meet-Photos-7-500x313.jpg]
[www.kalamacademy.org/wp-content/uploads/2021/12/Ranchi-Creators-Meet-Photos-8.jpg]
[www.kalamacademy.org/wp-content/uploads/2021/12/Ranchi-Creators-Meet-Photos-8-500x313.jpg]
[www.kalamacademy.org/wp-content/uploads/2021/12/Ranchi-Creators-Meet-Photos-9.jpg]
[www.kalamacademy.org/wp-content/uploads/2021/12/Ranchi-Creators-Meet-Photos-9-500x313.jpg]
[www.kalamacademy.org/wp-content/uploads/2021/12/Ranchi-Creators-Meet-Photos-10.jpg]
[www.kalamacademy.org/wp-content/uploads/2021/12/Ranchi-Creators-Meet-Photos-10-500x313.jpg]
[www.kalamacademy.org/wp-content/uploads/2021/12/Ranchi-Creators-Meet-Photos-11.jpg]
[www.kalamacademy.org/wp-content/uploads/2021/12/Ranchi-Creators-Meet-Photos-11-500x313.jpg]
[www.kalamacademy.org/wp-content/uploads/2021/12/Ranchi-Creators-Meet-Photos-12.jpg]
[www.kalamacademy.org/wp-content/uploads/2021/12/Ranchi-Creators-Meet-Photos-12-500x313.jpg]
[www.kalamacademy.org/wp-content/uploads/2021/12/Ranchi-Creators-Meet-Photos-13.jpg]
[www.kalamacademy.org/wp-content/uploads/2021/12/Ranchi-Creators-Meet-Photos-13-500x313.jpg]
[www.kalamacademy.org/wp-content/uploads/2021/12/Ranchi-Creators-Meet-Photos-14.jpg]
[www.kalamacademy.org/wp-content/uploads/2021/12/Ranchi-Creators-Meet-Photos-14-500x313.jpg]
[www.kalamacademy.org/wp-content/uploads/2021/12/Ranchi-Creators-Meet-Photos-15.jpg]
[www.kalamacademy.org/wp-content/uploads/2021/12/Ranchi-Creators-Meet-Photos-15-500x313.jpg]
[www.kalamacademy.org/wp-content/uploads/2021/12/Ranchi-Creators-Meet-Photos-16.jpg]
[www.kalamacademy.org/wp-content/uploads/2021/12/Ranchi-Creators-Meet-Photos-16-500x313.jpg]
[www.kalamacademy.org/wp-content/uploads/2021/12/Ranchi-Creators-Meet-Photos-17.jpg]
[www.kalamacademy.org/wp-content/uploads/2021/12/Ranchi-Creators-Meet-Photos-17-500x313.jpg]
[www.kalamacademy.org/wp-content/uploads/2021/12/Ranchi-Creators-Meet-Photos-18.jpg]
[www.kalamacademy.org/wp-content/uploads/2021/12/Ranchi-Creators-Meet-Photos-18-500x313.jpg]
[www.kalamacademy.org/wp-content/uploads/2021/12/Ranchi-Creators-Meet-Photos-19.jpg]
[www.kalamacademy.org/wp-content/uploads/2021/12/Ranchi-Creators-Meet-Photos-19-500x313.jpg]
[www.kalamacademy.org/wp-content/uploads/2021/12/Ranchi-Creators-Meet-Photos-20.jpg]
[www.kalamacademy.org/wp-content/uploads/2021/12/Ranchi-Creators-Meet-Photos-20-500x313.jpg]
[www.kalamacademy.org/wp-content/uploads/2021/12/Ranchi-Creators-Meet-Photos-21.jpg]
[www.kalamacademy.org/wp-content/uploads/2021/12/Ranchi-Creators-Meet-Photos-21-500x313.jpg]
[www.kalamacademy.org/wp-content/uploads/2021/12/Ranchi-Creators-Meet-Photos-22.jpg]
[www.kalamacademy.org/wp-content/uploads/2021/12/Ranchi-Creators-Meet-Photos-22-500x313.jpg]
[www.kalamacademy.org/wp-content/uploads/2021/12/Ranchi-Creators-Meet-Photos-23.jpg]
[www.kalamacademy.org/wp-content/uploads/2021/12/Ranchi-Creators-Meet-Photos-23-500x313.jpg]
[www.kalamacademy.org/wp-content/uploads/2021/12/Ranchi-Creators-Meet-Photos-24.jpg]
[www.kalamacademy.org/wp-content/uploads/2021/12/Ranchi-Creators-Meet-Photos-24-500x313.jpg]
[www.kalamacademy.org/wp-content/uploads/2021/12/Ranchi-Creators-Meet-Photos-25.jpg]
[www.kalamacademy.org/wp-content/uploads/2021/12/Ranchi-Creators-Meet-Photos-25-500x313.jpg]
[www.kalamacademy.org/wp-content/uploads/2021/12/Ranchi-Creators-Meet-Photos-26.jpg]
[www.kalamacademy.org/wp-content/uploads/2021/12/Ranchi-Creators-Meet-Photos-26-500x313.jpg]
[www.kalamacademy.org/wp-content/uploads/2021/12/Ranchi-Creators-Meet-Photos-27.jpg]
[www.kalamacademy.org/wp-content/uploads/2021/12/Ranchi-Creators-Meet-Photos-27-500x313.jpg]
[www.kalamacademy.org/wp-content/uploads/2021/12/Ranchi-Creators-Meet-Photos-28.jpg]
[www.kalamacademy.org/wp-content/uploads/2021/12/Ranchi-Creators-Meet-Photos-28-500x313.jpg]
[www.kalamacademy.org/wp-content/uploads/2021/12/Ranchi-Creators-Meet-Photos-29.jpg]
[www.kalamacademy.org/wp-content/uploads/2021/12/Ranchi-Creators-Meet-Photos-29-500x313.jpg]
[www.kalamacademy.org/wp-content/uploads/2021/12/Ranchi-Creators-Meet-Photos-30.jpg]
[www.kalamacademy.org/wp-content/uploads/2021/12/Ranchi-Creators-Meet-Photos-30-500x313.jpg]
[www.kalamacademy.org/wp-content/uploads/2021/12/Ranchi-Creators-Meet-Photos-31.jpg]
[www.kalamacademy.org/wp-content/uploads/2021/12/Ranchi-Creators-Meet-Photos-31-500x313.jpg]
[www.kalamacademy.org/wp-content/uploads/2021/12/Ranchi-Creators-Meet-Photos.jpg]
[www.kalamacademy.org/wp-content/uploads/2021/12/Ranchi-Creators-Meet-Photos-500x313.jpg]
[www.kalamacademy.org/wp-content/uploads/2021/12/Ranchi-Creators-Meet-Photos-1-1.jpg]
[www.kalamacademy.org/wp-content/uploads/2021/12/Ranchi-Creators-Meet-Photos-1-1-500x313.jpg]
[www.kalamacademy.org/wp-content/uploads/2021/12/Ranchi-Creators-Meet-1.0-Media-Coverage-1.jpg]
[www.kalamacademy.org/wp-content/uploads/2021/12/Ranchi-Creators-Meet-1.0-Media-Coverage-1-150x150.jpg]
[www.kalamacademy.org/wp-content/uploads/2021/12/Ranchi-Creators-Meet-1.0-Media-Coverage-2.jpg]
[www.kalamacademy.org/wp-content/uploads/2021/12/Ranchi-Creators-Meet-1.0-Media-Coverage-2-150x150.jpg]
[www.kalamacademy.org/wp-content/uploads/2021/12/Ranchi-Creators-Meet-1.0-Media-Coverage-3.jpg]
[www.kalamacademy.org/wp-content/uploads/2021/12/Ranchi-Creators-Meet-1.0-Media-Coverage-3-150x150.jpg]
[www.kalamacademy.org/wp-content/uploads/2021/12/Ranchi-Creators-Meet-1.0-Media-Coverage-4.jpg]
[www.kalamacademy.org/wp-content/uploads/2021/12/Ranchi-Creators-Meet-1.0-Media-Coverage-4-150x150.jpg]
[www.kalamacademy.org/privacy-policy/index.html]
[www.kalamacademy.org/our-team/index.html]
[www.kalamacademy.org/wp-content/plugins/royal-elementor-addons/assets/js/lib/particles/particles7c45.js]
[www.kalamacademy.org/wp-content/plugins/royal-elementor-addons/assets/js/lib/jarallax/jarallax.minf184.js]
[www.kalamacademy.org/terms-of-service/index.html]
[www.kalamacademy.org/wp-content/plugins/royal-elementor-addons/assets/js/lib/parallax/parallax.min5152.js]
[www.kalamacademy.org/wp-includes/js/comment-reply.min75e4.js]
[www.kalamacademy.org/wp-content/themes/hestia/assets/bootstrap/js/bootstrap.min20b9.js]
[www.kalamacademy.org/wp-includes/js/jquery/ui/core.min3f14.js]
[www.kalamacademy.org/wp-content/themes/hestia/assets/js/script.minaeb9.js]
[www.kalamacademy.org/wp-content/plugins/elementskit-lite/libs/framework/assets/js/frontend-scripta25a.js]
[www.kalamacademy.org/wp-content/plugins/elementskit-lite/widgets/init/assets/js/widget-scriptsa25a.js]
[www.kalamacademy.org/wp-content/plugins/happy-elementor-addons/assets/js/extension-reading-progress-bar.min110d.js]
[www.kalamacademy.org/wp-content/plugins/elementor/assets/lib/swiper/v8/swiper.min94a4.js]
[www.kalamacademy.org/wp-content/plugins/essential-addons-for-elementor-lite/assets/front-end/js/view/general.min10df.js]
[www.kalamacademy.org/wp-content/plugins/happy-elementor-addons/assets/js/happy-addons.min110d.js]
[www.kalamacademy.org/wp-content/plugins/elementor/assets/js/webpack.runtime.min7871.js]
[www.kalamacademy.org/wp-content/plugins/elementor/assets/js/frontend-modules.min7871.js]
[www.kalamacademy.org/wp-content/plugins/elementor/assets/js/frontend.min7871.js]
[www.kalamacademy.org/wp-content/plugins/elementskit-lite/widgets/init/assets/js/animate-circle.mina25a.js]
[www.kalamacademy.org/wp-content/plugins/elementskit-lite/widgets/init/assets/js/elementora25a.js]
[www.kalamacademy.org/wp-content/plugins/royal-elementor-addons/assets/js/frontend.mine356.js]
[www.kalamacademy.org/wp-content/plugins/royal-elementor-addons/assets/js/modal-popups.mine356.js]
[www.kalamacademy.org/ranchi-creators-meet-1-0/index.html]
[www.kalamacademy.org/wp-content/uploads/2023/03/Ranchi-Creators-Meet-2.0-Photos-56-500x313.jpg]
[www.kalamacademy.org/wp-json/wp/v2/pages/7751.json]
[www.kalamacademy.org/wp-json/oembed/1.0/embed0304.json]
[www.kalamacademy.org/indexb3a5.html]
[www.kalamacademy.org/wp-json/oembed/1.0/embed14fd]
[www.kalamacademy.org/wp-content/uploads/2023/03/Ranchi-Creators-Meet-2.0-Photos-56.jpg]
[www.kalamacademy.org/wp-content/uploads/2023/03/Ranchi-Creators-Meet-2.0-Photos-54.jpg]
[www.kalamacademy.org/wp-content/uploads/2023/03/Ranchi-Creators-Meet-2.0-Photos-54-500x313.jpg]
[www.kalamacademy.org/wp-content/uploads/2023/03/Ranchi-Creators-Meet-2.0-Photos-67.jpg]
[www.kalamacademy.org/wp-content/uploads/2023/03/Ranchi-Creators-Meet-2.0-Photos-67-500x313.jpg]
[www.kalamacademy.org/wp-content/uploads/2023/03/Ranchi-Creators-Meet-2.0-Photos-20.jpg]
[www.kalamacademy.org/wp-content/uploads/2023/03/Ranchi-Creators-Meet-2.0-Photos-20-500x313.jpg]
[www.kalamacademy.org/wp-content/uploads/2023/03/Ranchi-Creators-Meet-2.0-Photos-42.jpg]
[www.kalamacademy.org/wp-content/uploads/2023/03/Ranchi-Creators-Meet-2.0-Photos-42-500x313.jpg]
[www.kalamacademy.org/wp-content/uploads/2023/03/Ranchi-Creators-Meet-2.0-Photos-68.jpg]
[www.kalamacademy.org/wp-content/uploads/2023/03/Ranchi-Creators-Meet-2.0-Photos-68-500x313.jpg]
[www.kalamacademy.org/wp-content/uploads/2023/03/Ranchi-Creators-Meet-2.0-Photos-63.jpg]
[www.kalamacademy.org/wp-content/uploads/2023/03/Ranchi-Creators-Meet-2.0-Photos-63-500x313.jpg]
[www.kalamacademy.org/wp-content/uploads/2023/03/Ranchi-Creators-Meet-2.0-Photos-18.jpg]
[www.kalamacademy.org/wp-content/uploads/2023/03/Ranchi-Creators-Meet-2.0-Photos-18-500x313.jpg]
[www.kalamacademy.org/wp-content/uploads/2023/03/Ranchi-Creators-Meet-2.0-Photos-19.jpg]
[www.kalamacademy.org/wp-content/uploads/2023/03/Ranchi-Creators-Meet-2.0-Photos-19-500x313.jpg]
[www.kalamacademy.org/wp-content/uploads/2023/03/Ranchi-Creators-Meet-2.0-Photos-21.jpg]
[www.kalamacademy.org/wp-content/uploads/2023/03/Ranchi-Creators-Meet-2.0-Photos-21-500x313.jpg]
[www.kalamacademy.org/wp-content/uploads/2023/03/Ranchi-Creators-Meet-2.0-Photos-22.jpg]
[www.kalamacademy.org/wp-content/uploads/2023/03/Ranchi-Creators-Meet-2.0-Photos-22-500x313.jpg]
[www.kalamacademy.org/wp-content/uploads/2023/03/Ranchi-Creators-Meet-2.0-Photos-23.jpg]
[www.kalamacademy.org/wp-content/uploads/2023/03/Ranchi-Creators-Meet-2.0-Photos-23-500x313.jpg]
[www.kalamacademy.org/wp-content/uploads/2023/03/Ranchi-Creators-Meet-2.0-Photos-24.jpg]
[www.kalamacademy.org/wp-content/uploads/2023/03/Ranchi-Creators-Meet-2.0-Photos-24-500x313.jpg]
[www.kalamacademy.org/wp-content/uploads/2023/03/Ranchi-Creators-Meet-2.0-Photos-25.jpg]
[www.kalamacademy.org/wp-content/uploads/2023/03/Ranchi-Creators-Meet-2.0-Photos-25-500x313.jpg]
[www.kalamacademy.org/wp-content/uploads/2023/03/Ranchi-Creators-Meet-2.0-Photos-26.jpg]
[www.kalamacademy.org/wp-content/uploads/2023/03/Ranchi-Creators-Meet-2.0-Photos-26-500x313.jpg]
[www.kalamacademy.org/wp-content/uploads/2023/03/Ranchi-Creators-Meet-2.0-Photos-27.jpg]
[www.kalamacademy.org/wp-content/uploads/2023/03/Ranchi-Creators-Meet-2.0-Photos-27-500x313.jpg]
[www.kalamacademy.org/wp-content/uploads/2023/03/Ranchi-Creators-Meet-2.0-Photos-28.jpg]
[www.kalamacademy.org/wp-content/uploads/2023/03/Ranchi-Creators-Meet-2.0-Photos-28-500x313.jpg]
[www.kalamacademy.org/wp-content/uploads/2023/03/Ranchi-Creators-Meet-2.0-Photos-29.jpg]
[www.kalamacademy.org/wp-content/uploads/2023/03/Ranchi-Creators-Meet-2.0-Photos-29-500x313.jpg]
[www.kalamacademy.org/wp-content/uploads/2023/03/Ranchi-Creators-Meet-2.0-Photos-17.jpg]
[www.kalamacademy.org/wp-content/uploads/2023/03/Ranchi-Creators-Meet-2.0-Photos-17-500x313.jpg]
[www.kalamacademy.org/wp-content/uploads/2023/03/Ranchi-Creators-Meet-2.0-Photos-30.jpg]
[www.kalamacademy.org/wp-content/uploads/2023/03/Ranchi-Creators-Meet-2.0-Photos-30-500x313.jpg]
[www.kalamacademy.org/wp-content/uploads/2023/03/Ranchi-Creators-Meet-2.0-Photos-31.jpg]
[www.kalamacademy.org/wp-content/uploads/2023/03/Ranchi-Creators-Meet-2.0-Photos-31-500x313.jpg]
[www.kalamacademy.org/wp-content/uploads/2023/03/Ranchi-Creators-Meet-2.0-Photos-32.jpg]
[www.kalamacademy.org/wp-content/uploads/2023/03/Ranchi-Creators-Meet-2.0-Photos-32-500x313.jpg]
[www.kalamacademy.org/wp-content/uploads/2023/03/Ranchi-Creators-Meet-2.0-Photos-33.jpg]
[www.kalamacademy.org/wp-content/uploads/2023/03/Ranchi-Creators-Meet-2.0-Photos-33-500x313.jpg]
[www.kalamacademy.org/wp-content/uploads/2023/03/Ranchi-Creators-Meet-2.0-Photos-34.jpg]
[www.kalamacademy.org/wp-content/uploads/2023/03/Ranchi-Creators-Meet-2.0-Photos-34-500x313.jpg]
[www.kalamacademy.org/wp-content/uploads/2023/03/Ranchi-Creators-Meet-2.0-Photos-35.jpg]
[www.kalamacademy.org/wp-content/uploads/2023/03/Ranchi-Creators-Meet-2.0-Photos-35-500x313.jpg]
[www.kalamacademy.org/wp-content/uploads/2023/03/Ranchi-Creators-Meet-2.0-Photos-36.jpg]
[www.kalamacademy.org/wp-content/uploads/2023/03/Ranchi-Creators-Meet-2.0-Photos-36-500x313.jpg]
[www.kalamacademy.org/wp-content/uploads/2023/03/Ranchi-Creators-Meet-2.0-Photos-37.jpg]
[www.kalamacademy.org/wp-content/uploads/2023/03/Ranchi-Creators-Meet-2.0-Photos-37-500x313.jpg]
[www.kalamacademy.org/wp-content/uploads/2023/03/Ranchi-Creators-Meet-2.0-Photos-38.jpg]
[www.kalamacademy.org/wp-content/uploads/2023/03/Ranchi-Creators-Meet-2.0-Photos-38-500x313.jpg]
[www.kalamacademy.org/wp-content/uploads/2023/03/Ranchi-Creators-Meet-2.0-Photos-39.jpg]
[www.kalamacademy.org/wp-content/uploads/2023/03/Ranchi-Creators-Meet-2.0-Photos-39-500x313.jpg]
[www.kalamacademy.org/wp-content/uploads/2023/03/Ranchi-Creators-Meet-2.0-Photos-40.jpg]
[www.kalamacademy.org/wp-content/uploads/2023/03/Ranchi-Creators-Meet-2.0-Photos-40-500x313.jpg]
[www.kalamacademy.org/wp-content/uploads/2023/03/Ranchi-Creators-Meet-2.0-Photos-41.jpg]
[www.kalamacademy.org/wp-content/uploads/2023/03/Ranchi-Creators-Meet-2.0-Photos-41-500x313.jpg]
[www.kalamacademy.org/wp-content/uploads/2023/03/Ranchi-Creators-Meet-2.0-Photos-43.jpg]
[www.kalamacademy.org/wp-content/uploads/2023/03/Ranchi-Creators-Meet-2.0-Photos-43-500x313.jpg]
[www.kalamacademy.org/wp-content/uploads/2023/03/Ranchi-Creators-Meet-2.0-Photos-44.jpg]
[www.kalamacademy.org/wp-content/uploads/2023/03/Ranchi-Creators-Meet-2.0-Photos-44-500x313.jpg]
[www.kalamacademy.org/wp-content/uploads/2023/03/Ranchi-Creators-Meet-2.0-Photos-45.jpg]
[www.kalamacademy.org/wp-content/uploads/2023/03/Ranchi-Creators-Meet-2.0-Photos-45-500x313.jpg]
[www.kalamacademy.org/wp-content/uploads/2023/03/Ranchi-Creators-Meet-2.0-Photos-46.jpg]
[www.kalamacademy.org/wp-content/uploads/2023/03/Ranchi-Creators-Meet-2.0-Photos-46-500x313.jpg]
[www.kalamacademy.org/wp-content/uploads/2023/03/Ranchi-Creators-Meet-2.0-Photos-47.jpg]
[www.kalamacademy.org/wp-content/uploads/2023/03/Ranchi-Creators-Meet-2.0-Photos-47-500x313.jpg]
[www.kalamacademy.org/wp-content/uploads/2023/03/Ranchi-Creators-Meet-2.0-Photos-48.jpg]
[www.kalamacademy.org/wp-content/uploads/2023/03/Ranchi-Creators-Meet-2.0-Photos-48-500x313.jpg]
[www.kalamacademy.org/wp-content/uploads/2023/03/Ranchi-Creators-Meet-2.0-Photos-49.jpg]
[www.kalamacademy.org/wp-content/uploads/2023/03/Ranchi-Creators-Meet-2.0-Photos-49-500x313.jpg]
[www.kalamacademy.org/wp-content/uploads/2023/03/Ranchi-Creators-Meet-2.0-Photos-50.jpg]
[www.kalamacademy.org/wp-content/uploads/2023/03/Ranchi-Creators-Meet-2.0-Photos-50-500x313.jpg]
[www.kalamacademy.org/wp-content/uploads/2023/03/Ranchi-Creators-Meet-2.0-Photos-52.jpg]
[www.kalamacademy.org/wp-content/uploads/2023/03/Ranchi-Creators-Meet-2.0-Photos-52-500x313.jpg]
[www.kalamacademy.org/wp-content/uploads/2023/03/Ranchi-Creators-Meet-2.0-Photos-53.jpg]
[www.kalamacademy.org/wp-content/uploads/2023/03/Ranchi-Creators-Meet-2.0-Photos-53-500x313.jpg]
[www.kalamacademy.org/wp-content/uploads/2023/03/Ranchi-Creators-Meet-2.0-Photos-55.jpg]
[www.kalamacademy.org/wp-content/uploads/2023/03/Ranchi-Creators-Meet-2.0-Photos-55-500x313.jpg]
[www.kalamacademy.org/wp-content/uploads/2023/03/Ranchi-Creators-Meet-2.0-Photos-57.jpg]
[www.kalamacademy.org/wp-content/uploads/2023/03/Ranchi-Creators-Meet-2.0-Photos-57-500x313.jpg]
[www.kalamacademy.org/wp-content/uploads/2023/03/Ranchi-Creators-Meet-2.0-Photos-58.jpg]
[www.kalamacademy.org/wp-content/uploads/2023/03/Ranchi-Creators-Meet-2.0-Photos-58-500x313.jpg]
[www.kalamacademy.org/wp-content/uploads/2023/03/Ranchi-Creators-Meet-2.0-Photos-59.jpg]
[www.kalamacademy.org/wp-content/uploads/2023/03/Ranchi-Creators-Meet-2.0-Photos-59-500x313.jpg]
[www.kalamacademy.org/wp-content/uploads/2023/03/Ranchi-Creators-Meet-2.0-Photos-60.jpg]
[www.kalamacademy.org/wp-content/uploads/2023/03/Ranchi-Creators-Meet-2.0-Photos-60-500x313.jpg]
[www.kalamacademy.org/wp-content/uploads/2023/03/Ranchi-Creators-Meet-2.0-Photos-61.jpg]
[www.kalamacademy.org/wp-content/uploads/2023/03/Ranchi-Creators-Meet-2.0-Photos-61-500x313.jpg]
[www.kalamacademy.org/wp-content/uploads/2023/03/Ranchi-Creators-Meet-2.0-Photos-62.jpg]
[www.kalamacademy.org/wp-content/uploads/2023/03/Ranchi-Creators-Meet-2.0-Photos-62-500x313.jpg]
[www.kalamacademy.org/wp-content/uploads/2023/03/Ranchi-Creators-Meet-2.0-Photos-64.jpg]
[www.kalamacademy.org/wp-content/uploads/2023/03/Ranchi-Creators-Meet-2.0-Photos-64-500x313.jpg]
[www.kalamacademy.org/wp-content/uploads/2023/03/Ranchi-Creators-Meet-2.0-Photos-65.jpg]
[www.kalamacademy.org/wp-content/uploads/2023/03/Ranchi-Creators-Meet-2.0-Photos-65-500x313.jpg]
[www.kalamacademy.org/wp-content/uploads/2023/03/Ranchi-Creators-Meet-2.0-Photos-51.jpg]
[www.kalamacademy.org/wp-content/uploads/2023/03/Ranchi-Creators-Meet-2.0-Photos-51-500x313.jpg]
[www.kalamacademy.org/wp-content/uploads/2023/03/Ranchi-Creators-Meet-2.0-Photos-66.jpg]
[www.kalamacademy.org/wp-content/uploads/2023/03/Ranchi-Creators-Meet-2.0-Photos-66-500x313.jpg]
[www.kalamacademy.org/wp-content/uploads/2023/03/Ranchi-Creators-Meet-2.0-Photos-69.jpg]
[www.kalamacademy.org/wp-content/uploads/2023/03/Ranchi-Creators-Meet-2.0-Photos-69-500x313.jpg]
[www.kalamacademy.org/wp-content/uploads/2023/03/Ranchi-Creators-Meet-2.0-Photos-70.jpg]
[www.kalamacademy.org/wp-content/uploads/2023/03/Ranchi-Creators-Meet-2.0-Photos-70-500x313.jpg]
[www.kalamacademy.org/wp-content/uploads/2023/03/Ranchi-Creators-Meet-2.0-Photos-71.jpg]
[www.kalamacademy.org/wp-content/uploads/2023/03/Ranchi-Creators-Meet-2.0-Photos-71-500x313.jpg]
[www.kalamacademy.org/wp-content/uploads/2023/03/Ranchi-Creators-Meet2-1.jpg]
[www.kalamacademy.org/wp-content/uploads/2023/03/Ranchi-Creators-Meet2-1-150x150.jpg]
[www.kalamacademy.org/wp-content/uploads/2023/03/media-coverage.jpg]
[www.kalamacademy.org/wp-content/uploads/2023/03/media-coverage-150x150.jpg]
[www.kalamacademy.org/ranchi-creators-meet-2-0/index.html]
[www.kalamacademy.org/wp-content/uploads/2019/07/piso-placement-partner-for-digital-marketing-course-min.jpg]
[www.kalamacademy.org/wp-json/wp/v2/pages/4625.json]
[www.kalamacademy.org/wp-json/oembed/1.0/embed4a35.json]
[www.kalamacademy.org/index5da1.html]
[www.kalamacademy.org/wp-json/oembed/1.0/embed59e6]
[www.kalamacademy.org/wp-content/uploads/2019/07/luvstay-placement-partner-for-digital-marketing-course-min.jpg]
[www.kalamacademy.org/wp-content/uploads/2019/07/CampusTalent1-placement-partner-for-digital-marketing-course-min.jpg]
[www.kalamacademy.org/wp-content/uploads/2019/07/IT-placement-partner-for-digital-marketing-course-min.jpg]
[www.kalamacademy.org/wp-content/uploads/2019/07/grocity-placement-partner-for-digital-marketing-course-min.jpg]
[www.kalamacademy.org/wp-content/uploads/2019/07/hayst-placement-partner-for-digital-marketing-course-min.jpg]
[www.kalamacademy.org/wp-content/uploads/2019/07/ajay-ji-digital-marketing-student-in-ranchi-min.jpg]
[www.kalamacademy.org/wp-content/uploads/2019/07/amit-kumar-singh-digital-marketing-student-in-ranchi.jpg]
[www.kalamacademy.org/video-gallery/index.html]
[www.kalamacademy.org/wp-includes/js/underscore.mind584.js]
[www.kalamacademy.org/wp-includes/js/backbone.min91ce.js]
[www.kalamacademy.org/wp-content/plugins/ninja-forms/assets/js/min/front-end-depsafa0.js]
[www.kalamacademy.org/wp-content/plugins/ninja-forms/assets/js/min/front-endafa0.js]
[www.kalamacademy.org/personality-development-classes-in-ranchi-kalam-academy/index.html]
[www.kalamacademy.org/add-category/index.html]
[www.kalamacademy.org/index05a9.html]
[connect.facebook.net/en_US/fbevents.js]
[www.kalamacademy.org/web-development-course-in-ranchi/index.css]
[www.kalamacademy.org/web-development-course-in-ranchi/index-2.html]
[www.kalamacademy.org/digital-marketing-course-in-ranchi/index.css]
[www.kalamacademy.org/digital-marketing-course-in-ranchi/index-2.html]
[www.kalamacademy.org/business/index.css]
[www.kalamacademy.org/newAssests/img/placeholder.html]
[www.kalamacademy.org/wp-content/themes/hestia/assets/bootstrap/css/bootstrap.min20b9.css]
[www.kalamacademy.org/wp-content/themes/hestia/assets/css/font-sizes.minaeb9.css]
[www.kalamacademy.org/wp-includes/css/dist/block-library/style.min75e4.css]
[www.kalamacademy.org/wp-content/themes/hestia/style.minaeb9.css]
[www.kalamacademy.org/wp-content/plugins/elementor/assets/lib/eicons/fonts/eicons6feb.eot]
[www.kalamacademy.org/wp-content/plugins/elementor/assets/lib/eicons/fonts/eicons6feb.woff2]
[www.kalamacademy.org/wp-content/plugins/elementor/assets/lib/eicons/fonts/eicons6feb.woff]
[www.kalamacademy.org/wp-content/plugins/elementor/assets/lib/eicons/fonts/eicons6feb.ttf]
[www.kalamacademy.org/wp-content/plugins/elementor/assets/lib/eicons/css/elementor-icons.minf25c.css]
[www.kalamacademy.org/wp-content/plugins/elementor/assets/css/frontend.min7871.css]
[www.kalamacademy.org/wp-content/uploads/elementor/css/post-1314e9ed.css]
[www.kalamacademy.org/wp-content/themes/hestia/assets/css/page-builder-styleaeb9.css]
[www.kalamacademy.org/wp-content/plugins/elementor/assets/lib/font-awesome/webfonts/fa-brands-400.eot]
[www.kalamacademy.org/wp-content/plugins/elementor/assets/lib/font-awesome/webfonts/fa-brands-400d41d.eot]
[www.kalamacademy.org/wp-content/plugins/elementor/assets/lib/font-awesome/webfonts/fa-brands-400.woff2]
[www.kalamacademy.org/wp-content/plugins/elementor/assets/lib/font-awesome/webfonts/fa-brands-400.woff]
[www.kalamacademy.org/wp-content/plugins/elementor/assets/lib/font-awesome/webfonts/fa-brands-400.ttf]
[www.kalamacademy.org/wp-content/plugins/elementor/assets/lib/font-awesome/webfonts/fa-regular-400.eot]
[www.kalamacademy.org/wp-content/plugins/elementor/assets/lib/font-awesome/webfonts/fa-regular-400d41d.eot]
[www.kalamacademy.org/wp-content/plugins/elementor/assets/lib/font-awesome/webfonts/fa-regular-400.woff2]
[www.kalamacademy.org/wp-content/plugins/elementor/assets/lib/font-awesome/webfonts/fa-regular-400.woff]
[www.kalamacademy.org/wp-content/plugins/elementor/assets/lib/font-awesome/webfonts/fa-regular-400.ttf]
[www.kalamacademy.org/wp-content/plugins/elementor/assets/lib/font-awesome/webfonts/fa-solid-900.eot]
[www.kalamacademy.org/wp-content/plugins/elementor/assets/lib/font-awesome/webfonts/fa-solid-900d41d.eot]
[www.kalamacademy.org/wp-content/plugins/elementor/assets/lib/font-awesome/webfonts/fa-solid-900.woff2]
[www.kalamacademy.org/wp-content/plugins/elementor/assets/lib/font-awesome/webfonts/fa-solid-900.woff]
[www.kalamacademy.org/wp-content/plugins/elementor/assets/lib/font-awesome/webfonts/fa-solid-900.ttf]
[www.kalamacademy.org/wp-content/plugins/elementor/assets/lib/font-awesome/css/all.min7871.css]
[www.kalamacademy.org/wp-content/plugins/elementor/assets/lib/font-awesome/css/v4-shims.min7871.css]
[www.kalamacademy.org/wp-content/plugins/elementor/assets/css/widget-text-editor.min7871.css]
[www.kalamacademy.org/wp-content/plugins/elementor/assets/css/widget-heading.min7871.css]
[www.kalamacademy.org/wp-content/plugins/elementor/assets/css/widget-video.min7871.css]
[www.kalamacademy.org/wp-content/plugins/elementor/assets/lib/swiper/v8/css/swiper.min94a4.css]
[www.kalamacademy.org/wp-content/plugins/elementor/assets/css/conditionals/e-swiper.min7871.css]
[www.kalamacademy.org/wp-content/plugins/elementor/assets/css/widget-image-gallery.min7871.css]
[www.kalamacademy.org/wp-content/plugins/elementor/assets/css/widget-icon-box.min7871.css]
[www.kalamacademy.org/wp-content/uploads/elementor/css/post-402715ea.css]
[www.kalamacademy.org/wp-content/plugins/elementskit-lite/widgets/init/assets/img/arrow.png]
[www.kalamacademy.org/wp-content/plugins/elementskit-lite/widgets/init/assets/img/sort_asc.png]
[www.kalamacademy.org/wp-content/plugins/elementskit-lite/widgets/init/assets/img/sort_desc.png]
[www.kalamacademy.org/wp-content/plugins/elementskit-lite/widgets/init/assets/img/sort_asc_disabled.png]
[www.kalamacademy.org/wp-content/plugins/elementskit-lite/widgets/init/assets/css/widget-stylesa25a.css]
[www.kalamacademy.org/wp-content/plugins/elementskit-lite/widgets/init/assets/css/responsivea25a.css]
[www.kalamacademy.org/wp-content/plugins/essential-addons-for-elementor-lite/assets/front-end/css/view/general.min10df.css]
[www.kalamacademy.org/wp-content/plugins/happy-elementor-addons/assets/fonts/happy-icons.woff2]
[www.kalamacademy.org/wp-content/plugins/happy-elementor-addons/assets/fonts/happy-icons.woff]
[www.kalamacademy.org/wp-content/plugins/happy-elementor-addons/assets/fonts/style.min110d.css]
[www.kalamacademy.org/wp-content/plugins/elementor/assets/lib/font-awesome/fonts/fontawesome-webfont3e6e.eot]
[www.kalamacademy.org/wp-content/plugins/elementor/assets/lib/font-awesome/fonts/fontawesome-webfontd41d.eot]
[www.kalamacademy.org/wp-content/plugins/elementor/assets/lib/font-awesome/fonts/fontawesome-webfont3e6e.woff2]
[www.kalamacademy.org/wp-content/plugins/elementor/assets/lib/font-awesome/fonts/fontawesome-webfont3e6e.woff]
[www.kalamacademy.org/wp-content/plugins/elementor/assets/lib/font-awesome/fonts/fontawesome-webfont3e6e.ttf]
[www.kalamacademy.org/wp-content/plugins/elementor/assets/lib/font-awesome/css/font-awesome.min1849.css]
[www.kalamacademy.org/wp-content/plugins/royal-elementor-addons/assets/css/lib/animations/text-animations.mine356.css]
[www.kalamacademy.org/wp-content/plugins/royal-elementor-addons/assets/css/frontend.mine356.css]
[www.kalamacademy.org/wp-content/plugins/elementor/assets/lib/font-awesome/css/fontawesome.min52d5.css]
[www.kalamacademy.org/wp-content/plugins/elementor/assets/lib/font-awesome/css/brands.min52d5.css]
[www.kalamacademy.org/index7513.html]
[www.kalamacademy.org/php-training-web-design-development-course-in-ranchi/index.html]
[www.kalamacademy.org/digital-services-in-ranchi/index.html]
[www.kalamacademy.org/online-grocery-business/index.html]
[www.kalamacademy.org/wp-content/uploads/elementor/thumbs/1-p1916anhppqnve62w2eqcvebxmrvu1x8mgd21r2tc0.jpg]
[www.kalamacademy.org/wp-json/wp/v2/pages/2490.json]
[www.kalamacademy.org/wp-json/oembed/1.0/embed9a38.json]
[www.kalamacademy.org/index77ce.html]
[www.kalamacademy.org/wp-json/oembed/1.0/embed6d28]
[www.kalamacademy.org/wp-content/uploads/2021/05/Delnaz-Irani-Loves-Kalam-Academy-1.jpg]
[www.kalamacademy.org/wp-content/uploads/elementor/thumbs/1-p1916anhppqnve62w2eqcvebxmrvu1x8mgd256bmes.jpg]
[www.kalamacademy.org/wp-content/uploads/elementor/thumbs/2-p19168rtc1o3868t71lh7vveqv15enpry7236meer8.jpg]
[www.kalamacademy.org/wp-content/uploads/elementor/thumbs/3-p19169pnivpdjs7g1k03sdmvc8wimctiabpknwd0l0.jpg]
[www.kalamacademy.org/wp-content/uploads/elementor/thumbs/4-p19169pnivpdjs7g1k03sdmvc8wimctiabpknwd0l0.jpg]
[www.kalamacademy.org/wp-content/uploads/2019/12/1470399662_Marketing.png]
[www.kalamacademy.org/wp-content/uploads/2019/12/1470399671_SEO.png]
[www.kalamacademy.org/wp-content/uploads/2019/12/1470399715_E-Commerce.png]
[www.kalamacademy.org/wp-content/uploads/2019/12/1470399674_App_Development.png]
[www.kalamacademy.org/wp-content/uploads/2019/12/1470399667_Newsletter.png]
[www.kalamacademy.org/wp-content/uploads/2019/12/1470399656_Branding.png]
[www.kalamacademy.org/start-online-doorstep-service-business/index.html]
[www.kalamacademy.org/wp-content/uploads/2021/01/FREE-Business-Consultancy.png]
[www.kalamacademy.org/wp-json/wp/v2/pages/4142.json]
[www.kalamacademy.org/wp-json/oembed/1.0/embed4f25.json]
[www.kalamacademy.org/indexb765.html]
[www.kalamacademy.org/wp-json/oembed/1.0/embed9e57]
[www.kalamacademy.org/wp-content/uploads/2018/11/study-box_1.jpg]
[www.kalamacademy.org/wp-content/uploads/2020/10/social-media.1.png]
[www.kalamacademy.org/wp-content/uploads/2020/10/SEO.1.png]
[www.kalamacademy.org/wp-content/uploads/2020/10/Digital-Consulting.1.png]
[www.kalamacademy.org/wp-content/uploads/2020/10/Content-Marketing.1.png]
[www.kalamacademy.org/wp-content/uploads/2020/10/Web-Design.1.png]
[www.kalamacademy.org/wp-content/uploads/2020/10/Graphic-Design.1.png]
[www.kalamacademy.org/wp-content/uploads/2020/10/CTA-Home-page-New.png]
[www.kalamacademy.org/website-development-company-in-india-web-designing-company-in-india/index.html]
[www.kalamacademy.org/job-in-ranchi-office-job-in-ranchi/index.html]
[www.kalamacademy.org/wp-json/wp/v2/pages/365.json]
[www.kalamacademy.org/wp-json/oembed/1.0/embed5c2e.json]
[www.kalamacademy.org/index18ee.html]
[www.kalamacademy.org/wp-json/oembed/1.0/embed17e1]
[www.kalamacademy.org/privacy-policy/index.html]
[www.kalamacademy.org/wp-json/wp/v2/pages/1332.json]
[www.kalamacademy.org/wp-json/oembed/1.0/embed6e30.json]
[www.kalamacademy.org/indexd20a.html]
[www.kalamacademy.org/wp-json/oembed/1.0/embedcd44]
[www.kalamacademy.org/terms-of-service/index.html]
[www.kalamacademy.org/wp-content/uploads/2020/07/LEARN-APPLY-1.jpg]
[www.kalamacademy.org/wp-json/wp/v2/pages/1474.json]
[www.kalamacademy.org/wp-json/oembed/1.0/embed10cb.json]
[www.kalamacademy.org/index203c.html]
[www.kalamacademy.org/wp-json/oembed/1.0/embedcc85]
[www.kalamacademy.org/wp-content/uploads/2020/07/Untitled-design-10.jpg]
[www.kalamacademy.org/wp-content/uploads/2020/07/Untitled-design-7.jpg]
[www.kalamacademy.org/wp-content/uploads/2020/07/Untitled-design-6.jpg]
[www.kalamacademy.org/wp-content/uploads/2020/07/Untitled-design-8.jpg]
[www.kalamacademy.org/wp-content/uploads/2020/07/Untitled-design-5.jpg]
[www.kalamacademy.org/wp-content/uploads/2020/07/Untitled-design-4.jpg]
[www.kalamacademy.org/our-team/index.html]
[www.kalamacademy.org/wp-content/plugins/elementskit-lite/modules/elementskit-icon-pack/assets/fonts/elementskit97ac.woff]
[www.kalamacademy.org/wp-content/plugins/elementskit-lite/modules/elementskit-icon-pack/assets/css/ekiticonsa25a.css]
[www.kalamacademy.org/wp-content/plugins/elementor/assets/css/widget-spacer.min7871.css]
[www.kalamacademy.org/wp-content/uploads/elementor/css/post-77516313.css]
[www.kalamacademy.org/indexb3a5.html]
[www.kalamacademy.org/wp-content/uploads/essential-addons-elementor/eael-46259bd1.css]
[www.kalamacademy.org/wp-content/plugins/essential-addons-for-elementor-lite/assets/admin/images/templately/logo-icon.svg]
[www.kalamacademy.org/wp-content/plugins/elementor/assets/css/widget-icon-list.min7871.css]
[www.kalamacademy.org/wp-content/plugins/elementor/assets/lib/animations/styles/e-animation-grow.min7871.css]
[www.kalamacademy.org/wp-content/plugins/elementor/assets/css/conditionals/shapes.min7871.css]
[www.kalamacademy.org/wp-content/plugins/elementor/assets/css/widget-toggle.min7871.css]
[www.kalamacademy.org/wp-content/plugins/elementor/assets/css/widget-image-carousel.min7871.css]
[www.kalamacademy.org/wp-content/plugins/elementor/assets/css/widget-star-rating.min7871.css]
[www.kalamacademy.org/wp-content/plugins/elementor/assets/css/widget-testimonial.min7871.css]
[www.kalamacademy.org/wp-content/plugins/elementor/assets/css/widget-divider.min7871.css]
[www.kalamacademy.org/wp-content/plugins/elementor/assets/css/widget-google_maps.min7871.css]
[www.kalamacademy.org/wp-content/uploads/2019/07/startup-team-working-and-planning-in-the-meeting-PYDV7FT-min-copy-min.jpg]
[www.kalamacademy.org/wp-content/uploads/elementor/css/post-4625d966.css]
[www.kalamacademy.org/wp-content/plugins/elementor/assets/lib/font-awesome/css/solid.min52d5.css]
[www.kalamacademy.org/wp-content/plugins/elementor/assets/lib/font-awesome/css/regular.min52d5.css]
[www.kalamacademy.org/index5da1.html]
[www.kalamacademy.org/wp-content/uploads/2019/09/Untitled-design-min.html]
[www.kalamacademy.org/wp-content/uploads/2020/07/LEARN-APPLY.jpg]
[www.kalamacademy.org/wp-json/wp/v2/pages/1520.json]
[www.kalamacademy.org/wp-json/oembed/1.0/embed3396.json]
[www.kalamacademy.org/index6cf2.html]
[www.kalamacademy.org/wp-json/oembed/1.0/embed52de]
[www.kalamacademy.org/video-gallery/index.html]
[www.kalamacademy.org/wp-includes/fonts/dashicons7d4b.eot]
[www.kalamacademy.org/wp-includes/fonts/dashicons7d4b.ttf]
[www.kalamacademy.org/wp-includes/css/dashicons.min75e4.css]
[www.kalamacademy.org/wp-content/plugins/ninja-forms/assets/img/help-info.png]
[www.kalamacademy.org/wp-content/plugins/ninja-forms/assets/css/display-opinions-light75e4.css]
[www.kalamacademy.org/wp-content/plugins/ninja-forms/assets/fonts/fontawesome-webfont3295.eot]
[www.kalamacademy.org/wp-content/plugins/ninja-forms/assets/fonts/fontawesome-webfontd41d.eot]
[www.kalamacademy.org/wp-content/plugins/ninja-forms/assets/fonts/fontawesome-webfont3295.woff2]
[www.kalamacademy.org/wp-content/plugins/ninja-forms/assets/fonts/fontawesome-webfont3295.woff]
[www.kalamacademy.org/wp-content/plugins/ninja-forms/assets/fonts/fontawesome-webfont3295.ttf]
[www.kalamacademy.org/wp-content/plugins/ninja-forms/assets/css/font-awesome.min75e4.css]
[www.kalamacademy.org/wp-content/uploads/essential-addons-elementor/eael-46259bd1.html]
[www.kalamacademy.org/wp-content/uploads/2024/03/IMG-20240322-WA0011-1024x653.jpg]
[www.kalamacademy.org/wp-json/wp/v2/posts/12000.json]
[www.kalamacademy.org/add-category/feed/index.html]
[www.kalamacademy.org/wp-json/oembed/1.0/embedf5e8.json]
[www.kalamacademy.org/index08e5.html]
[www.kalamacademy.org/wp-json/oembed/1.0/embedf031]
[www.kalamacademy.org/wp-content/uploads/2024/03/IMG-20240322-WA0009-1024x178.jpg]
[www.kalamacademy.org/wp-content/uploads/2024/03/IMG-20240322-WA0010-1024x167.jpg]
[www.kalamacademy.org/wp-content/uploads/2024/03/WhatsApp-Image-2024-03-22-at-12.02.25_ae051e39-1-890x1024.jpg]
[www.kalamacademy.org/wp-content/uploads/2024/03/IMG-20240322-WA0012-1024x142.jpg]
[www.kalamacademy.org/author/sourav/index.html]
[www.kalamacademy.org/wp-content/themes/hestia/assets/img/placeholder.jpg]
[www.kalamacademy.org/category/pos/category/add-category/index.html]
[www.kalamacademy.org/category/pos/category/index.html]
[www.kalamacademy.org/wp-content/uploads/2019/12/Want-To-Learn-Digital-Marketing-In-Ranchi_-2-500x317.jpg]
[www.kalamacademy.org/wp-content/uploads/2019/12/Want-To-Learn-Digital-Marketing-In-Ranchi_-1-500x317.jpg]
[www.kalamacademy.org/add-category/index.html]
[www.kalamacademy.org/web-development-course-in-ranchi/POST.html]
[www.kalamacademy.org/web-development-course-in-ranchi/schema.org/index.html]
[www.kalamacademy.org/web-development-course-in-ranchi/b.html]
[www.kalamacademy.org/jobs-in-ranchi/index.html]
[www.kalamacademy.org/index05a9.html]
[www.kalamacademy.org/digital-marketing-courses-in-ranchi/index.html]
[www.kalamacademy.org/bpo-call-center-telecaller-jobs-in-ranchi/index.html]
[www.kalamacademy.org/signals/iwl.html]
[www.kalamacademy.org/web-development-courses-in-ranchi/index.html]
[www.kalamacademy.org/web-development-course-in-ranchi/c.html]
[www.kalamacademy.org/category/pos/category/add-library-category/index.html]
[www.kalamacademy.org/web-development-course-in-ranchi/c-2.html]
[www.kalamacademy.org/category/pos/product/add-new-product/index.html]
[www.kalamacademy.org/Assests/img/big_img.html]
[www.kalamacademy.org/my-shop/index.html]
[www.kalamacademy.org/wp-content/plugins/elementor/assets/lib/eicons/fonts/eicons6feb.svg]
[www.kalamacademy.org/category/addons/index.html]
[www.kalamacademy.org/category/addons/delivery-slot/index.html]
[www.kalamacademy.org/wp-content/plugins/elementor/assets/lib/font-awesome/webfonts/fa-brands-400.svg]
[www.kalamacademy.org/category/digital-marketing-course/index.html]
[www.kalamacademy.org/category/job-in-ranchi/index.html]
[www.kalamacademy.org/wp-content/plugins/elementor/assets/lib/font-awesome/webfonts/fa-regular-400.svg]
[www.kalamacademy.org/category/pos/index.html]
[www.kalamacademy.org/category/pos/product/index.html]
[www.kalamacademy.org/wp-content/plugins/elementor/assets/lib/font-awesome/webfonts/fa-solid-900.svg]
[www.kalamacademy.org/category/products/index.html]
[www.kalamacademy.org/category/student-tips/index.html]
[www.kalamacademy.org/wp-content/plugins/elementskit-lite/widgets/init/assets/img/cross-out.svg]
[www.kalamacademy.org/category/addons/theme/index.html]
[www.kalamacademy.org/category/uncategorised/index.html]
[www.kalamacademy.org/wp-content/plugins/happy-elementor-addons/assets/fonts/happy-icons.svg]
[www.kalamacademy.org/category/डिजिटल-मार्केटिंग-हिंदी/index.html]
[www.kalamacademy.org/category/web-development-course/index.html]
[www.kalamacademy.org/category/user/index.html]
[www.kalamacademy.org/wp-content/plugins/elementor/assets/lib/font-awesome/fonts/fontawesome-webfont3e6e.svg]
[www.kalamacademy.org/web-design-web-development-course-in-ranchi/index.html]
[www.kalamacademy.org/wp-content/uploads/essential-addons-elementor/eael-2490b23b.css]
[www.kalamacademy.org/wp-content/plugins/elementor/assets/css/widget-image-box.min7871.css]
[www.kalamacademy.org/wp-content/plugins/elementor/assets/css/widget-accordion.min7871.css]
[www.kalamacademy.org/add-category-2/index.html]
[www.kalamacademy.org/wp-content/uploads/2019/12/25388715424_65480dbf18_k.jpg]
[www.kalamacademy.org/wp-content/uploads/elementor/css/post-2490c499.css]
[www.kalamacademy.org/index77ce.html]
[www.kalamacademy.org/wp-content/uploads/essential-addons-elementor/eael-2490b23b.html]
[www.kalamacademy.org/wp-content/uploads/essential-addons-elementor/eael-414247ec.css]
[www.kalamacademy.org/wp-content/plugins/elementor/assets/css/widget-image.min7871.css]
[www.kalamacademy.org/wp-content/uploads/elementor/css/post-41423cb2.css]
[www.kalamacademy.org/indexb765.html]
[www.kalamacademy.org/wp-content/uploads/essential-addons-elementor/eael-414247ec.html]
[www.kalamacademy.org/job-in-ranchi/index.html]
[www.kalamacademy.org/wp-content/plugins/elementor/assets/lib/font-awesome/css/all.min10df.css]
[www.kalamacademy.org/index18ee.html]
[www.kalamacademy.org/indexd20a.html]
[www.kalamacademy.org/wp-content/uploads/elementor/css/post-147424a9.css]
[www.kalamacademy.org/index203c.html]
[www.kalamacademy.org/wp-content/uploads/elementor/css/post-152077c2.css]
[www.kalamacademy.org/index6cf2.html]
[www.kalamacademy.org/wp-content/plugins/ninja-forms/assets/fonts/fontawesome-webfont3295.svg]
[www.kalamacademy.org/index08e5.html]
[www.kalamacademy.org/how-to-manage-category/index.html]
[www.kalamacademy.org/best-job-in-ranchi/index.html]
[www.kalamacademy.org/author/sourav/page/2/index.html]
[www.kalamacademy.org/author/sourav/feed/index.html]
[www.kalamacademy.org/wp-json/wp/v2/users/4.json]
[www.kalamacademy.org/change-your-password/index.html]
[www.kalamacademy.org/them/index.html]
[www.kalamacademy.org/addons/index.html]
[www.kalamacademy.org/wp-content/plugins/elementor/assets/lib/font-awesome/js/v4-shims.min10df.js]
[www.kalamacademy.org/author/sourav/index.html]
[www.kalamacademy.org/theme-choice/index.html]
[www.kalamacademy.org/all-orders/index.html]
[www.kalamacademy.org/wp-json/wp/v2/categories/92.json]
[www.kalamacademy.org/category/pos/category/add-category/index.html]
[www.kalamacademy.org/category/pos/category/add-category/feed/index.html]
[www.kalamacademy.org/delivery-panel/index.html]
[www.kalamacademy.org/author/sourav/page/3/index.html]
[www.kalamacademy.org/wp-json/wp/v2/categories/91.json]
[www.kalamacademy.org/category/pos/category/index.html]
[www.kalamacademy.org/wp-content/uploads/2024/10/Job-in-Ranchi.jpg]
[www.kalamacademy.org/category/pos/category/feed/index.html]
[www.kalamacademy.org/bpo-call-center-telecaller-jobs-in-ranchi/feed/index.html]
[www.kalamacademy.org/wp-json/wp/v2/posts/13966.json]
[www.kalamacademy.org/wp-json/oembed/1.0/embed0988.json]
[www.kalamacademy.org/indexee82.html]
[www.kalamacademy.org/wp-json/oembed/1.0/embeddb75]
[www.kalamacademy.org/wp-content/uploads/2024/10/Tele-caller-Job-in-Ranchi.jpg]
[www.kalamacademy.org/wp-content/plugins/elementskit-lite/widgets/init/assets/js/goodshare.mina25a.js]
[www.kalamacademy.org/bpo-call-center-telecaller-jobs-in-ranchi/index.html]
[www.kalamacademy.org/wp-content/uploads/2024/11/Web-Development-Course-in-Ranchi-1024x576.png]
[www.kalamacademy.org/wp-json/wp/v2/posts/13719.json]
[www.kalamacademy.org/web-development-courses-in-ranchi/feed/index.html]
[www.kalamacademy.org/wp-json/oembed/1.0/embed941e.json]
[www.kalamacademy.org/index2c9b.html]
[www.kalamacademy.org/wp-json/oembed/1.0/embedf551]
[www.kalamacademy.org/web-development-courses-in-ranchi/index.html]
[www.kalamacademy.org/wp-content/uploads/2024/11/Digital-Marketing-Course-in-Ranchi-with-placemen.jpg]
[www.kalamacademy.org/author/anand/index.html]
[www.kalamacademy.org/wp-json/wp/v2/posts/13686.json]
[www.kalamacademy.org/tag/top-website-development-course-in-ranchi/index.html]
[www.kalamacademy.org/tag/website-development-course/index.html]
[www.kalamacademy.org/tag/offline-website-development-course-in-ranchi/index.html]
[www.kalamacademy.org/tag/website-development-course-in-ranchi/index.html]
[www.kalamacademy.org/wp-json/oembed/1.0/embed2c30.json]
[www.kalamacademy.org/digital-marketing-courses-in-ranchi/feed/index.html]
[www.kalamacademy.org/index6948.html]
[www.kalamacademy.org/wp-json/oembed/1.0/embed4dd6]
[www.kalamacademy.org/wp-content/uploads/2024/11/Digital-Marketing-Course-in-Ranchi-with-placemen-1024x576.jpg]
[www.kalamacademy.org/wp-content/uploads/2023/03/DIGITAL-MARKETING-COURSE-WITH-PLACEMENT-360x240.webp]
[www.kalamacademy.org/digital-marketing-courses-in-ranchi/index.html]
[www.kalamacademy.org/tag/website-development-courses-near-me/index.html]
[www.kalamacademy.org/digital-marketing-course-training-institute-in-ranchi/index.html]
[www.kalamacademy.org/digital-marketing-course-with-placement/index.html]
[www.kalamacademy.org/wp-json/wp/v2/posts/13331.json]
[www.kalamacademy.org/jobs-in-ranchi/feed/index.html]
[www.kalamacademy.org/wp-json/oembed/1.0/embed9d73.json]
[www.kalamacademy.org/index6674.html]
[www.kalamacademy.org/wp-json/oembed/1.0/embed798c]
[www.kalamacademy.org/wp-content/uploads/2024/10/Job-in-Ranchi-Jharkhand.jpg]
[www.kalamacademy.org/wp-content/uploads/2024/10/Business-Developer-Job-in-Ranchi.jpg]
[www.kalamacademy.org/wp-content/uploads/2024/10/Academic-Counselor-Job-in-Ranchi.jpg]
[www.kalamacademy.org/jobs-in-ranchi/index.html]
[www.kalamacademy.org/wp-content/uploads/2024/03/WhatsApp-Image-2024-03-30-at-15.55.55_d2696da9-1024x325.jpg]
[www.kalamacademy.org/my-shop/feed/index.html]
[www.kalamacademy.org/wp-json/wp/v2/posts/12387.json]
[www.kalamacademy.org/wp-json/oembed/1.0/embedcfee.json]
[www.kalamacademy.org/index50fb.html]
[www.kalamacademy.org/wp-json/oembed/1.0/embed8ef9]
[www.kalamacademy.org/wp-content/uploads/2024/03/WhatsApp-Image-2024-03-30-at-15.55.54_a49ac08d-1024x246.jpg]
[www.kalamacademy.org/wp-content/uploads/2024/03/WhatsApp-Image-2024-03-30-at-15.55.54_f9c3f15d-1024x251.jpg]
[www.kalamacademy.org/wp-content/uploads/2024/03/WhatsApp-Image-2024-03-30-at-15.55.54_b5949911-1024x242.jpg]
[www.kalamacademy.org/wp-content/uploads/2024/03/WhatsApp-Image-2024-03-30-at-15.55.53_2e61013a-1024x420.jpg]
[www.kalamacademy.org/my-shop/index.html]
[www.kalamacademy.org/wp-json/wp/v2/categories/93.json]
[www.kalamacademy.org/category/pos/category/add-library-category/index.html]
[www.kalamacademy.org/wp-json/wp/v2/categories/89.json]
[www.kalamacademy.org/category/pos/product/add-new-product/index.html]
[www.kalamacademy.org/category/pos/product/add-new-product/feed/index.html]
[www.kalamacademy.org/add-new-products/index.html]
[www.kalamacademy.org/category/pos/category/add-library-category/feed/index.html]
[www.kalamacademy.org/wp-json/wp/v2/categories/96.json]
[www.kalamacademy.org/category/addons/index.html]
[www.kalamacademy.org/category/addons/feed/index.html]
[www.kalamacademy.org/cancel-order/index.html]
[www.kalamacademy.org/online-payment/index.html]
[www.kalamacademy.org/extra-pages/index.html]
[www.kalamacademy.org/wp-json/wp/v2/categories/100.json]
[www.kalamacademy.org/category/addons/delivery-slot/index.html]
[www.kalamacademy.org/category/addons/delivery-slot/feed/index.html]
[www.kalamacademy.org/delivery-slot/index.html]
[www.kalamacademy.org/banner/index.html]
[www.kalamacademy.org/coupons/index.html]
[www.kalamacademy.org/wp-json/wp/v2/categories/69.json]
[www.kalamacademy.org/category/digital-marketing-course/feed/index.html]
[www.kalamacademy.org/wp-content/uploads/2024/11/Digital-Marketing-Course-in-Ranchi-with-placemen-360x240.jpg]
[www.kalamacademy.org/category/digital-marketing-course/index.html]
[www.kalamacademy.org/wp-json/wp/v2/categories/111.json]
[www.kalamacademy.org/category/job-in-ranchi/index.html]
[www.kalamacademy.org/category/job-in-ranchi/feed/index.html]
[www.kalamacademy.org/wp-json/wp/v2/categories/87.json]
[www.kalamacademy.org/category/pos/index.html]
[www.kalamacademy.org/category/pos/feed/index.html]
[www.kalamacademy.org/pos/index.html]
[www.kalamacademy.org/category/pos/page/2/index.html]
[www.kalamacademy.org/wp-json/wp/v2/categories/88.json]
[www.kalamacademy.org/category/pos/product/index.html]
[www.kalamacademy.org/category/pos/page/3/index.html]
[www.kalamacademy.org/category/pos/product/feed/index.html]
[www.kalamacademy.org/wp-json/wp/v2/categories/66.json]
[www.kalamacademy.org/add-new-products-with-scanner/index.html]
[www.kalamacademy.org/wp-content/uploads/2023/04/google-ads-ka-kitna-paisaa-lagta-hai-360x240.webp]
[www.kalamacademy.org/category/products/feed/index.html]
[www.kalamacademy.org/how-to-manage-products-listing/index.html]
[www.kalamacademy.org/wp-content/uploads/2023/04/website-development-cost-in-India-360x240.jpg]
[www.kalamacademy.org/category/products/index.html]
[www.kalamacademy.org/google-ads-ka-kitna-paisaa-lagta-hai/index.html]
[www.kalamacademy.org/website-banwane-ka-kitna-paisa-lagta-hai/index.html]
[www.kalamacademy.org/wp-json/wp/v2/categories/25.json]
[www.kalamacademy.org/category/student-tips/feed/index.html]
[www.kalamacademy.org/wp-content/uploads/2023/12/Website-Development-offline-courses-in-Ranchi-with-placements-360x240.jpg]
[www.kalamacademy.org/category/student-tips/index.html]
[www.kalamacademy.org/wp-json/wp/v2/categories/97.json]
[www.kalamacademy.org/category/addons/theme/index.html]
[www.kalamacademy.org/category/addons/theme/feed/index.html]
[www.kalamacademy.org/wp-json/wp/v2/categories/1.json]
[www.kalamacademy.org/wp-content/uploads/2024/01/Digital-marketing-course-with-placements-360x240.jpg]
[www.kalamacademy.org/category/uncategorised/index.html]
[www.kalamacademy.org/category/uncategorised/feed/index.html]
[www.kalamacademy.org/digital-marketing-course-with-placements/index.html]
[www.kalamacademy.org/kirana-mart-like-grocery-application-start-your-grocery-delivery-service/index.html]
[www.kalamacademy.org/wp-json/wp/v2/categories/94.json]
[www.kalamacademy.org/category/user/index.html]
[www.kalamacademy.org/category/user/feed/index.html]
[www.kalamacademy.org/wp-json/wp/v2/categories/112.json]
[www.kalamacademy.org/category/web-development-course/index.html]
[www.kalamacademy.org/category/डिजिटल-मार्केटिंग-हिंदी/index.html]
[www.kalamacademy.org/category/web-development-course/feed/index.html]
[www.kalamacademy.org/users/index.html]
[www.kalamacademy.org/wp-content/uploads/2024/03/IMG-20240322-WA0015-1024x683.jpg]
[www.kalamacademy.org/wp-json/wp/v2/posts/12013.json]
[www.kalamacademy.org/add-category-2/feed/index.html]
[www.kalamacademy.org/wp-json/oembed/1.0/embed9227.json]
[www.kalamacademy.org/index7021.html]
[www.kalamacademy.org/wp-json/oembed/1.0/embed7022]
[www.kalamacademy.org/wp-content/uploads/2024/03/IMG-20240322-WA0014-1024x338.jpg]
[www.kalamacademy.org/wp-content/uploads/2024/03/IMG-20240322-WA0017-1024x635.jpg]
[www.kalamacademy.org/add-category-2/index.html]
[www.kalamacademy.org/wp-content/uploads/2024/03/WhatsApp-Image-2024-03-22-at-11.16.11_f9a3d11d-1024x175.jpg]
[www.kalamacademy.org/wp-json/wp/v2/posts/11899.json]
[www.kalamacademy.org/how-to-manage-category/feed/index.html]
[www.kalamacademy.org/wp-json/oembed/1.0/embedc0cf.json]
[www.kalamacademy.org/index1807.html]
[www.kalamacademy.org/wp-json/oembed/1.0/embedb937]
[www.kalamacademy.org/wp-content/uploads/2024/03/WhatsApp-Image-2024-03-22-at-11.16.11_c4b32715-923x1024.jpg]
[www.kalamacademy.org/wp-content/uploads/2024/03/Screenshot_20240320-030046-2.png]
[www.kalamacademy.org/wp-content/uploads/2024/03/Screenshot_20240320-030046-3-1.png]
[www.kalamacademy.org/wp-content/uploads/2024/03/Screenshot_20240320-114833-1.png]
[www.kalamacademy.org/wp-content/uploads/2024/03/Digital-marketing-course-with-placements-595-x-549-px.jpg]
[www.kalamacademy.org/how-to-manage-category/index.html]
[www.kalamacademy.org/Assests/img/kalam_header_logo.png]
[www.kalamacademy.org/Assests/img/placeholder1.jpg]
[www.kalamacademy.org/best-job-in-ranchi/index.js]
[www.kalamacademy.org/best-job-in-ranchi/index.html]
[www.kalamacademy.org/author/sourav/page/2/index.html]
[www.kalamacademy.org/wp-content/uploads/2024/03/WhatsApp-Image-2024-03-30-at-15.41.09_a46004ad-1024x376.jpg]
[www.kalamacademy.org/job-thankyou-page/index.html]
[www.kalamacademy.org/add-staff/index.html]
[www.kalamacademy.org/report/index.html]
[www.kalamacademy.org/wp-json/wp/v2/posts/12378.json]
[www.kalamacademy.org/change-your-password/feed/index.html]
[www.kalamacademy.org/wp-json/oembed/1.0/embed0f7e.json]
[www.kalamacademy.org/index549c.html]
[www.kalamacademy.org/wp-json/oembed/1.0/embed8d27]
[www.kalamacademy.org/wp-content/uploads/2024/03/WhatsApp-Image-2024-03-30-at-15.41.08_4bd983eb-1-1024x245.jpg]
[www.kalamacademy.org/wp-content/uploads/2024/03/WhatsApp-Image-2024-03-30-at-15.41.08_52652d47-1024x345.jpg]
[www.kalamacademy.org/change-your-password/index.html]
[www.kalamacademy.org/wp-content/uploads/2024/03/Screenshot_20240322-153714-1-851x1024.png]
[www.kalamacademy.org/wp-json/wp/v2/posts/12098.json]
[www.kalamacademy.org/them/feed/index.html]
[www.kalamacademy.org/wp-json/oembed/1.0/embede708.json]
[www.kalamacademy.org/index08fa.html]
[www.kalamacademy.org/wp-json/oembed/1.0/embed659c]
[www.kalamacademy.org/them/index.html]
[www.kalamacademy.org/wp-content/uploads/2024/03/IMG-20240323-WA0029-1-1024x256.jpg]
[www.kalamacademy.org/wp-json/wp/v2/posts/12075.json]
[www.kalamacademy.org/addons/feed/index.html]
[www.kalamacademy.org/wp-json/oembed/1.0/embed19de.json]
[www.kalamacademy.org/index47b3.html]
[www.kalamacademy.org/wp-json/oembed/1.0/embed90a2]
[www.kalamacademy.org/addons/index.html]
[www.kalamacademy.org/wp-json/wp/v2/posts/12029.json]
[www.kalamacademy.org/theme-choice/feed/index.html]
[www.kalamacademy.org/wp-json/oembed/1.0/embedb6f1.json]
[www.kalamacademy.org/indexaaef.html]
[www.kalamacademy.org/wp-json/oembed/1.0/embed2bda]
[www.kalamacademy.org/theme-choice/index.html]
[www.kalamacademy.org/wp-content/uploads/2024/03/WhatsApp-Image-2024-03-23-at-14.32.49_c2b76a6e-1024x312.jpg]
[www.kalamacademy.org/wp-json/wp/v2/posts/11933.json]
[www.kalamacademy.org/all-orders/feed/index.html]
[www.kalamacademy.org/wp-json/oembed/1.0/embed0d7d.json]
[www.kalamacademy.org/index4890.html]
[www.kalamacademy.org/wp-json/oembed/1.0/embedb042]
[www.kalamacademy.org/wp-content/uploads/2024/03/WhatsApp-Image-2024-03-23-at-14.09.05_4697f7c1-1024x405.jpg]
[www.kalamacademy.org/wp-content/uploads/2024/03/WhatsApp-Image-2024-03-23-at-14.38.47_c6a7bef5-1024x393.jpg]
[www.kalamacademy.org/all-orders/index.html]
[www.kalamacademy.org/wp-content/uploads/2024/03/WhatsApp-Image-2024-03-23-at-14.09.05_568aaf40-1024x286.jpg]
[www.kalamacademy.org/wp-json/wp/v2/posts/11931.json]
[www.kalamacademy.org/delivery-panel/feed/index.html]
[www.kalamacademy.org/wp-json/oembed/1.0/embed8c83.json]
[www.kalamacademy.org/index8ef4.html]
[www.kalamacademy.org/wp-json/oembed/1.0/embed97cf]
[www.kalamacademy.org/wp-content/uploads/2024/03/WhatsApp-Image-2024-03-23-at-14.09.04_ccfaa1b8-1024x399.jpg]
[www.kalamacademy.org/delivery-panel/index.html]
[www.kalamacademy.org/wp-content/uploads/2024/01/WhatsApp-Image-2024-01-05-at-17.08.16_2b9df509-360x240.jpg]
[www.kalamacademy.org/author/sourav/page/3/index.html]
[www.kalamacademy.org/wp-content/uploads/elementor/css/post-13331e703.css]
[www.kalamacademy.org/wp-content/plugins/elementor/assets/lib/font-awesome/css/v4-shims.min10df.css]
[www.kalamacademy.org/wp-content/uploads/elementor/css/post-13966e703.css]
[www.kalamacademy.org/indexee82.html]
[www.kalamacademy.org/index2c9b.html]
[www.kalamacademy.org/how-to-manage-your-products/index.html]
[www.kalamacademy.org/wp-json/wp/v2/users/1.json]
[www.kalamacademy.org/author/anand/index.html]
[www.kalamacademy.org/digital-marketing-in-hindi/index.html]
[www.kalamacademy.org/author/anand/feed/index.html]
[www.kalamacademy.org/wp-json/wp/v2/tags/84.json]
[www.kalamacademy.org/tag/offline-website-development-course-in-ranchi/index.html]
[www.kalamacademy.org/tag/offline-website-development-course-in-ranchi/feed/index.html]
[www.kalamacademy.org/wp-json/wp/v2/tags/83.json]
[www.kalamacademy.org/tag/top-website-development-course-in-ranchi/index.html]
[www.kalamacademy.org/tag/top-website-development-course-in-ranchi/feed/index.html]
[www.kalamacademy.org/wp-json/wp/v2/tags/79.json]
[www.kalamacademy.org/tag/website-development-course/index.html]
[www.kalamacademy.org/tag/website-development-course/feed/index.html]
[www.kalamacademy.org/wp-json/wp/v2/tags/80.json]
[www.kalamacademy.org/tag/website-development-course-in-ranchi/index.html]
[www.kalamacademy.org/tag/website-development-course-in-ranchi/feed/index.html]
[www.kalamacademy.org/wp-json/wp/v2/tags/81.json]
[www.kalamacademy.org/tag/website-development-courses-near-me/index.html]
[www.kalamacademy.org/index6948.html]
[www.kalamacademy.org/wp-content/uploads/2023/03/DIGITAL-MARKETING-COURSE-WITH-PLACEMENT.webp]
[www.kalamacademy.org/tag/website-development-courses-near-me/feed/index.html]
[www.kalamacademy.org/wp-json/wp/v2/posts/8029.json]
[www.kalamacademy.org/digital-marketing-course-with-placement/feed/index.html]
[www.kalamacademy.org/wp-json/oembed/1.0/embed8b11.json]
[www.kalamacademy.org/index4291.html]
[www.kalamacademy.org/wp-json/oembed/1.0/embed1cd3]
[www.kalamacademy.org/wp-content/uploads/2023/03/Digital-Marketing-Course-with-Placement.-1024x576.webp]
[www.kalamacademy.org/digital-marketing-course-with-placement/index.html]
[www.kalamacademy.org/wp-json/wp/v2/posts/1068.json]
[www.kalamacademy.org/digital-marketing-course-training-institute-in-ranchi/feed/index.html]
[www.kalamacademy.org/wp-json/oembed/1.0/embed512e.json]
[www.kalamacademy.org/index8600.html]
[www.kalamacademy.org/wp-json/oembed/1.0/embed3403]
[www.kalamacademy.org/digital-marketing-course-training-institute-in-ranchi/index.html]
[www.kalamacademy.org/index6674.html]
[www.kalamacademy.org/index50fb.html]
[www.kalamacademy.org/wp-content/uploads/2024/03/Screenshot_20240321-135400-1-739x1024.png]
[www.kalamacademy.org/wp-json/wp/v2/posts/11887.json]
[www.kalamacademy.org/add-new-products/feed/index.html]
[www.kalamacademy.org/wp-json/oembed/1.0/embed6e73.json]
[www.kalamacademy.org/index1c97.html]
[www.kalamacademy.org/wp-json/oembed/1.0/embed1e15]
[www.kalamacademy.org/wp-content/uploads/2024/03/WhatsApp-Image-2024-03-21-at-12.22.52_87e0bac7-1024x177.jpg]
[www.kalamacademy.org/wp-content/uploads/2024/03/WhatsApp-Image-2024-03-21-at-12.22.53_16504d80-1024x183.jpg]
[www.kalamacademy.org/wp-content/uploads/2024/03/WhatsApp-Image-2024-03-21-at-14.08.51_27bb8bd4-849x1024.jpg]
[www.kalamacademy.org/wp-content/uploads/2024/03/WhatsApp-Image-2024-03-21-at-12.22.53_973aefa7-1-1024x169.jpg]
[www.kalamacademy.org/wp-content/uploads/2024/03/IMG-20240321-WA0022-1024x177.jpg]
[www.kalamacademy.org/wp-content/uploads/2024/03/IMG-20240321-WA0023-1024x162.jpg]
[www.kalamacademy.org/wp-content/uploads/2024/03/IMG-20240321-WA0024-1024x165.jpg]
[www.kalamacademy.org/wp-content/uploads/2024/03/IMG-20240321-WA0025-1024x184.jpg]
[www.kalamacademy.org/wp-content/uploads/2024/03/IMG-20240321-WA0026-1024x178.jpg]
[www.kalamacademy.org/wp-content/uploads/2024/03/Screenshot_20240321-152849-1-1-3-1024x262.png]
[www.kalamacademy.org/wp-content/uploads/2024/03/IMG-20240321-WA0027-1024x176.jpg]
[www.kalamacademy.org/wp-content/uploads/2024/03/IMG-20240321-WA0028-1024x177.jpg]
[www.kalamacademy.org/wp-content/uploads/2024/03/IMG-20240321-WA0029-1024x177.jpg]
[www.kalamacademy.org/wp-content/uploads/2024/03/IMG-20240321-WA0030-1024x177.jpg]
[www.kalamacademy.org/wp-content/uploads/2024/03/IMG-20240321-WA0031-1024x174.jpg]
[www.kalamacademy.org/wp-content/uploads/2024/03/IMG-20240321-WA0032-1024x180.jpg]
[www.kalamacademy.org/wp-content/uploads/2024/03/IMG-20240321-WA0033-1024x187.jpg]
[www.kalamacademy.org/wp-content/uploads/2024/03/IMG-20240321-WA0034-1024x181.jpg]
[www.kalamacademy.org/wp-content/uploads/2024/03/IMG-20240321-WA0035-1024x174.jpg]
[www.kalamacademy.org/wp-content/uploads/2024/03/IMG-20240321-WA0036-1024x183.jpg]
[www.kalamacademy.org/add-new-products/index.html]
[www.kalamacademy.org/wp-content/uploads/2024/03/IMG-20240324-WA0019-1024x307.jpg]
[www.kalamacademy.org/wp-json/wp/v2/posts/11921.json]
[www.kalamacademy.org/extra-pages/feed/index.html]
[www.kalamacademy.org/wp-json/oembed/1.0/embedfd0c.json]
[www.kalamacademy.org/index3d56.html]
[www.kalamacademy.org/wp-json/oembed/1.0/embedee7f]
[www.kalamacademy.org/wp-content/uploads/2024/03/IMG-20240324-WA0018-1024x170.jpg]
[www.kalamacademy.org/wp-content/uploads/2024/03/IMG-20240324-WA0014.jpg]
[www.kalamacademy.org/wp-content/uploads/2024/03/IMG-20240324-WA0017-1024x151.jpg]
[www.kalamacademy.org/wp-content/uploads/2024/03/IMG-20240324-WA0016-1024x619.jpg]
[www.kalamacademy.org/wp-content/uploads/2024/03/IMG-20240324-WA0015.jpg]
[www.kalamacademy.org/extra-pages/index.html]
[www.kalamacademy.org/wp-content/uploads/2024/03/image-1.jpg]
[www.kalamacademy.org/wp-json/wp/v2/posts/11917.json]
[www.kalamacademy.org/cancel-order/feed/index.html]
[www.kalamacademy.org/wp-json/oembed/1.0/embed5b35.json]
[www.kalamacademy.org/indexb3cc.html]
[www.kalamacademy.org/wp-json/oembed/1.0/embedd2f0]
[www.kalamacademy.org/cancel-order/index.html]
[www.kalamacademy.org/wp-content/uploads/2024/03/WhatsApp-Image-2024-03-24-at-12.48.53_4d794034-1024x704.jpg]
[www.kalamacademy.org/wp-json/wp/v2/posts/11915.json]
[www.kalamacademy.org/online-payment/feed/index.html]
[www.kalamacademy.org/wp-json/oembed/1.0/embed9246.json]
[www.kalamacademy.org/indexcca7.html]
[www.kalamacademy.org/wp-json/oembed/1.0/embed722f]
[www.kalamacademy.org/online-payment/index.html]
[www.kalamacademy.org/wp-content/uploads/2024/03/WhatsApp-Image-2024-03-24-at-12.20.39_06d0320c-1024x280.jpg]
[www.kalamacademy.org/wp-json/wp/v2/posts/11911.json]
[www.kalamacademy.org/delivery-slot/feed/index.html]
[www.kalamacademy.org/wp-json/oembed/1.0/embede05e.json]
[www.kalamacademy.org/index2edf.html]
[www.kalamacademy.org/wp-json/oembed/1.0/embed602d]
[www.kalamacademy.org/wp-content/uploads/2024/03/WhatsApp-Image-2024-03-24-at-12.20.39_a7778b23-1024x156.jpg]
[www.kalamacademy.org/wp-content/uploads/2024/03/WhatsApp-Image-2024-03-24-at-12.20.39_9a03d77c-1024x169.jpg]
[www.kalamacademy.org/wp-content/uploads/2024/03/WhatsApp-Image-2024-03-24-at-12.20.38_47d1d92a-1024x175.jpg]
[www.kalamacademy.org/wp-content/uploads/2024/03/WhatsApp-Image-2024-03-24-at-12.20.38_3493ef37-1024x166.jpg]
[www.kalamacademy.org/wp-content/uploads/2024/03/WhatsApp-Image-2024-03-24-at-12.20.38_84ff3886-1024x160.jpg]
[www.kalamacademy.org/wp-content/uploads/2024/03/WhatsApp-Image-2024-03-24-at-12.20.37_7a784e15.jpg]
[www.kalamacademy.org/wp-content/uploads/2024/03/WhatsApp-Image-2024-03-24-at-12.20.36_171b6a88-930x1024.jpg]
[www.kalamacademy.org/wp-content/uploads/2024/03/WhatsApp-Image-2024-03-24-at-12.20.37_80bf48ef.jpg]
[www.kalamacademy.org/wp-content/uploads/2024/03/WhatsApp-Image-2024-03-24-at-12.20.37_238e57d9.jpg]
[www.kalamacademy.org/wp-content/uploads/2024/03/WhatsApp-Image-2024-03-24-at-12.20.36_dac70428.jpg]
[www.kalamacademy.org/delivery-slot/index.html]
[www.kalamacademy.org/wp-content/uploads/2024/03/WhatsApp-Image-2024-03-24-at-02.01.11_b34e6628-1024x312.jpg]
[www.kalamacademy.org/wp-json/wp/v2/posts/11909.json]
[www.kalamacademy.org/coupons/feed/index.html]
[www.kalamacademy.org/wp-json/oembed/1.0/embedd830.json]
[www.kalamacademy.org/index7553.html]
[www.kalamacademy.org/wp-json/oembed/1.0/embed319b]
[www.kalamacademy.org/wp-content/uploads/2024/03/Digital-marketing-course-with-placements-595-x-549-px-1.jpg]
[www.kalamacademy.org/wp-content/uploads/2024/03/WhatsApp-Image-2024-03-24-at-02.01.13_846a14ee-1024x298.jpg]
[www.kalamacademy.org/wp-content/uploads/2024/03/WhatsApp-Image-2024-03-24-at-02.01.13_73c19dfa.jpg]
[www.kalamacademy.org/wp-content/uploads/2024/03/WhatsApp-Image-2024-03-27-at-15.26.42_94cb5009.jpg]
[www.kalamacademy.org/wp-content/uploads/2024/03/WhatsApp-Image-2024-03-24-at-02.01.12_57649042.jpg]
[www.kalamacademy.org/wp-content/uploads/2024/03/WhatsApp-Image-2024-03-24-at-02.01.12_29943271.jpg]
[www.kalamacademy.org/wp-content/uploads/2024/03/WhatsApp-Image-2024-03-24-at-02.01.12_9e14d8bd.jpg]
[www.kalamacademy.org/wp-content/uploads/2024/03/IMG-20240324-WA0004-1024x457.jpg]
[www.kalamacademy.org/wp-content/uploads/2024/03/Digital-marketing-course-with-placements-595-x-549-px-2-1.jpg]
[www.kalamacademy.org/wp-content/uploads/2024/03/WhatsApp-Image-2024-03-27-at-15.28.46_3dec0495.jpg]
[www.kalamacademy.org/wp-content/uploads/2024/03/WhatsApp-Image-2024-03-24-at-02.01.12_9e14d8bd-1.jpg]
[www.kalamacademy.org/coupons/index.html]
[www.kalamacademy.org/wp-content/uploads/2024/03/IMG-20240323-WA0037-1024x653.jpg]
[www.kalamacademy.org/wp-json/wp/v2/posts/11907.json]
[www.kalamacademy.org/banner/feed/index.html]
[www.kalamacademy.org/wp-json/oembed/1.0/embed7e94.json]
[www.kalamacademy.org/indexe3fd.html]
[www.kalamacademy.org/wp-json/oembed/1.0/embed9145]
[www.kalamacademy.org/wp-content/uploads/2024/03/IMG-20240323-WA0036-1024x145.jpg]
[www.kalamacademy.org/wp-content/uploads/2024/03/IMG-20240323-WA0032-1024x533.jpg]
[www.kalamacademy.org/wp-content/uploads/2024/03/IMG-20240323-WA0033-1024x542.jpg]
[www.kalamacademy.org/wp-content/uploads/2024/03/WhatsApp-Image-2024-03-27-at-16.02.42_8a708aad-977x1024.jpg]
[www.kalamacademy.org/wp-content/uploads/2024/03/WhatsApp-Image-2024-03-27-at-16.23.01_eca0b276-2-1024x161.jpg]
[www.kalamacademy.org/wp-content/uploads/2024/03/WhatsApp-Image-2024-03-27-at-16.23.00_55a1c5ef-1024x545.jpg]
[www.kalamacademy.org/wp-content/uploads/2024/03/IMG-20240323-WA0035-1024x345.jpg]
[www.kalamacademy.org/wp-content/uploads/2024/03/WhatsApp-Image-2024-03-27-at-16.04.35_c9196f5a-918x1024.jpg]
[www.kalamacademy.org/banner/index.html]
[www.kalamacademy.org/wp-content/uploads/elementor/css/post-80295a93.css]
[www.kalamacademy.org/wp-content/plugins/elementor/assets/css/widget-tabs.min7871.css]
[www.kalamacademy.org/category/pos/page/2/index.html]
[www.kalamacademy.org/wp-content/uploads/2024/03/WhatsApp-Image-2024-03-23-at-14.00.16_d08a8bcd-1024x453.jpg]
[www.kalamacademy.org/wp-json/wp/v2/posts/11929.json]
[www.kalamacademy.org/pos/feed/index.html]
[www.kalamacademy.org/wp-json/oembed/1.0/embed596d.json]
[www.kalamacademy.org/index27bb.html]
[www.kalamacademy.org/wp-json/oembed/1.0/embed8e91]
[www.kalamacademy.org/pos/index.html]
[www.kalamacademy.org/category/pos/page/3/index.html]
[www.kalamacademy.org/wp-content/uploads/2024/03/Screenshot_20240320-131001-1-1024x485.png]
[www.kalamacademy.org/wp-json/wp/v2/posts/11895.json]
[www.kalamacademy.org/add-new-products-with-scanner/feed/index.html]
[www.kalamacademy.org/wp-json/oembed/1.0/embed3642.json]
[www.kalamacademy.org/index69c4.html]
[www.kalamacademy.org/wp-json/oembed/1.0/embedc103]
[www.kalamacademy.org/wp-content/uploads/2024/03/WhatsApp-Image-2024-03-21-at-12.07.10_bfef3faa.jpg]
[www.kalamacademy.org/add-new-products-with-scanner/index.html]
[www.kalamacademy.org/wp-content/uploads/2024/03/Screenshot_20240315-190614-2-1-1024x139.png]
[www.kalamacademy.org/wp-json/wp/v2/posts/11843.json]
[www.kalamacademy.org/how-to-manage-products-listing/feed/index.html]
[www.kalamacademy.org/wp-json/oembed/1.0/embedeb60.json]
[www.kalamacademy.org/index7755.html]
[www.kalamacademy.org/wp-json/oembed/1.0/embed608a]
[www.kalamacademy.org/wp-content/uploads/2024/03/Screenshot_20240315-190614-2-1-3.png]
[www.kalamacademy.org/wp-content/uploads/2024/03/Screenshot_20240315-190614-2-1-1-1.png]
[www.kalamacademy.org/wp-content/uploads/2024/03/Digital-marketing-course-with-placements-595-x-549-px-1.png]
[www.kalamacademy.org/wp-content/uploads/2024/03/Screenshot_20240319-013724-1.png]
[www.kalamacademy.org/wp-content/uploads/2024/03/Digital-marketing-course-with-placements-595-x-549-px.png]
[www.kalamacademy.org/wp-content/uploads/2024/03/Screenshot_20240319-013709-1.png]
[www.kalamacademy.org/wp-content/uploads/2024/03/Digital-marketing-course-with-placements-595-x-549-px-2.png]
[www.kalamacademy.org/wp-content/uploads/2024/03/Screenshot_20240320-004117-1.png]
[www.kalamacademy.org/wp-content/uploads/2024/03/Digital-marketing-course-with-placements-595-x-549-px-4.png]
[www.kalamacademy.org/wp-content/uploads/2024/03/Screenshot_20240319-013801-1-788x1024.png]
[www.kalamacademy.org/wp-content/uploads/2024/03/Untitled-design-4.png]
[www.kalamacademy.org/wp-content/uploads/2024/03/Digital-marketing-course-with-placements-595-x-549-px-6.png]
[www.kalamacademy.org/how-to-manage-products-listing/index.html]
[www.kalamacademy.org/wp-content/uploads/2023/04/google-ads-ka-kitna-paisaa-lagta-hai.webp]
[www.kalamacademy.org/wp-json/wp/v2/posts/8129.json]
[www.kalamacademy.org/google-ads-ka-kitna-paisaa-lagta-hai/feed/index.html]
[www.kalamacademy.org/wp-json/oembed/1.0/embedce6e.json]
[www.kalamacademy.org/indexb231.html]
[www.kalamacademy.org/wp-json/oembed/1.0/embedc9ad]
[www.kalamacademy.org/google-ads-ka-kitna-paisaa-lagta-hai/index.html]
[www.kalamacademy.org/wp-content/uploads/2023/04/website-development-cost-in-India.jpg]
[www.kalamacademy.org/wp-json/wp/v2/posts/8093.json]
[www.kalamacademy.org/website-banwane-ka-kitna-paisa-lagta-hai/feed/index.html]
[www.kalamacademy.org/wp-json/oembed/1.0/embed6f27.json]
[www.kalamacademy.org/index42c0.html]
[www.kalamacademy.org/wp-json/oembed/1.0/embeda7f9]
[www.kalamacademy.org/website-banwane-ka-kitna-paisa-lagta-hai/index.html]
[www.kalamacademy.org/website-development-course/index.html]
[www.kalamacademy.org/wp-content/uploads/2024/01/Digital-marketing-course-with-placements.jpg]
[www.kalamacademy.org/tag/website-banwane-ka-kharcha/index.html]
[www.kalamacademy.org/tag/website-banwane-ka-cost-kitna-hai/index.html]
[www.kalamacademy.org/tag/website-development-cost-in-india/index.html]
[www.kalamacademy.org/tag/वेबसाइट-बनवाने-का-कितना-प/index.html]
[www.kalamacademy.org/digital-marketing-course-with-placements/feed/index.html]
[www.kalamacademy.org/wp-json/wp/v2/posts/11384.json]
[www.kalamacademy.org/indexa195.html]
[www.kalamacademy.org/wp-json/oembed/1.0/embed2bd7.json]
[www.kalamacademy.org/wp-json/oembed/1.0/embed67ae]
[www.kalamacademy.org/wp-content/uploads/2024/01/Best-Digital-Marketing-Institute-in-Ranchi-1024x576.jpg]
[www.kalamacademy.org/wp-content/uploads/2024/01/Job-opportunities-after-Digital-Marketing-Course-1024x576.jpg]
[www.kalamacademy.org/wp-content/uploads/2024/01/Topic-covered-under-Digital-Marketing-Course-1024x576.jpg]
[www.kalamacademy.org/digital-marketing-course-with-placements/index.html]
[www.kalamacademy.org/wp-json/wp/v2/posts/1429.json]
[www.kalamacademy.org/kirana-mart-like-grocery-application-start-your-grocery-delivery-service/feed/index.html]
[www.kalamacademy.org/wp-json/oembed/1.0/embed945f.json]
[www.kalamacademy.org/index919b.html]
[www.kalamacademy.org/wp-json/oembed/1.0/embed8f92]
[www.kalamacademy.org/kirana-mart-like-grocery-application-start-your-grocery-delivery-service/index.html]
[www.kalamacademy.org/wp-content/uploads/2024/03/WhatsApp-Image-2024-03-22-at-15.23.44_76ee3d51-1024x168.jpg]
[www.kalamacademy.org/wp-json/wp/v2/posts/11901.json]
[www.kalamacademy.org/users/feed/index.html]
[www.kalamacademy.org/wp-json/oembed/1.0/embedd929.json]
[www.kalamacademy.org/index85a1.html]
[www.kalamacademy.org/wp-json/oembed/1.0/embed3046]
[www.kalamacademy.org/wp-content/uploads/2024/03/WhatsApp-Image-2024-03-22-at-15.29.00_f8f73f20-1024x443.jpg]
[www.kalamacademy.org/wp-content/uploads/2024/03/WhatsApp-Image-2024-03-22-at-15.16.21_33f63d35.jpg]
[www.kalamacademy.org/users/index.html]
[www.kalamacademy.org/index7021.html]
[www.kalamacademy.org/index1807.html]
[www.kalamacademy.org/best-job-in-ranchi/index.css]
[www.kalamacademy.org/wp-content/uploads/2019/07/vanakkam.jpg]
[www.kalamacademy.org/wp-json/wp/v2/pages/3303.json]
[www.kalamacademy.org/wp-json/oembed/1.0/embed39f1.json]
[www.kalamacademy.org/index389e.html]
[www.kalamacademy.org/wp-json/oembed/1.0/embed4e48]
[www.kalamacademy.org/wp-content/uploads/2021/11/3.png]
[www.kalamacademy.org/wp-content/uploads/2021/11/5.png]
[www.kalamacademy.org/wp-content/uploads/2021/11/1.png]
[www.kalamacademy.org/wp-content/uploads/2021/11/2.png]
[www.kalamacademy.org/wp-content/uploads/2021/11/4.png]
[www.kalamacademy.org/job-thankyou-page/index.html]
[www.kalamacademy.org/wp-content/uploads/2024/03/IMG-20240323-WA0012-1024x330.jpg]
[www.kalamacademy.org/wp-json/wp/v2/posts/11927.json]
[www.kalamacademy.org/add-staff/feed/index.html]
[www.kalamacademy.org/wp-json/oembed/1.0/embedca64.json]
[www.kalamacademy.org/index50ca.html]
[www.kalamacademy.org/wp-json/oembed/1.0/embed3ad5]
[www.kalamacademy.org/wp-content/uploads/2024/03/IMG-20240323-WA0011-1024x177.jpg]
[www.kalamacademy.org/wp-content/uploads/2024/03/IMG-20240323-WA0010-1024x176.jpg]
[www.kalamacademy.org/wp-content/uploads/2024/03/IMG-20240323-WA0009-1024x180.jpg]
[www.kalamacademy.org/wp-content/uploads/2024/03/IMG-20240323-WA0008-1024x163.jpg]
[www.kalamacademy.org/wp-content/uploads/2024/03/IMG-20240323-WA0007-1024x153.jpg]
[www.kalamacademy.org/wp-content/uploads/2024/03/IMG-20240323-WA0002-1024x166.jpg]
[www.kalamacademy.org/wp-content/uploads/2024/03/IMG-20240323-WA0005-1024x474.jpg]
[www.kalamacademy.org/wp-content/uploads/2024/03/IMG-20240323-WA0004-1024x680.jpg]
[www.kalamacademy.org/wp-content/uploads/2024/03/IMG-20240323-WA0006-1024x919.jpg]
[www.kalamacademy.org/add-staff/index.html]
[www.kalamacademy.org/wp-content/uploads/2024/03/IMG-20240322-WA0024-1024x577.jpg]
[www.kalamacademy.org/wp-json/wp/v2/posts/11925.json]
[www.kalamacademy.org/report/feed/index.html]
[www.kalamacademy.org/wp-json/oembed/1.0/embed3c16.json]
[www.kalamacademy.org/indexd3a4.html]
[www.kalamacademy.org/wp-json/oembed/1.0/embedab8d]
[www.kalamacademy.org/wp-content/uploads/2024/03/IMG-20240322-WA0025-1-755x1024.jpg]
[www.kalamacademy.org/wp-content/uploads/2024/03/IMG-20240322-WA0026-720x1024.jpg]
[www.kalamacademy.org/wp-content/uploads/2024/03/IMG-20240322-WA0027-616x1024.jpg]
[www.kalamacademy.org/wp-content/uploads/2024/03/WhatsApp-Image-2024-03-22-at-17.35.52_6b642eb3-1024x889.jpg]
[www.kalamacademy.org/wp-content/uploads/2024/03/IMG-20240322-WA0029-650x1024.jpg]
[www.kalamacademy.org/wp-content/uploads/2024/03/IMG-20240322-WA0030-654x1024.jpg]
[www.kalamacademy.org/report/index.html]
[www.kalamacademy.org/index549c.html]
[www.kalamacademy.org/index08fa.html]
[www.kalamacademy.org/index47b3.html]
[www.kalamacademy.org/indexaaef.html]
[www.kalamacademy.org/index4890.html]
[www.kalamacademy.org/index8ef4.html]
[www.kalamacademy.org/wp-content/uploads/2024/03/Screenshot_20240315-190541__1_-removebg-preview-1.png]
[www.kalamacademy.org/wp-json/wp/v2/posts/11830.json]
[www.kalamacademy.org/how-to-manage-your-products/feed/index.html]
[www.kalamacademy.org/wp-json/oembed/1.0/embedddeb.json]
[www.kalamacademy.org/indexe7e0.html]
[www.kalamacademy.org/wp-json/oembed/1.0/embed5bc4]
[www.kalamacademy.org/wp-content/uploads/2024/03/Untitled-design-2-1.png]
[www.kalamacademy.org/how-to-manage-your-products/index.html]
[www.kalamacademy.org/wp-content/uploads/2024/01/WhatsApp-Image-2024-01-05-at-17.08.16_2b9df509.jpg]
[www.kalamacademy.org/digital-marketing-in-hindi/feed/index.html]
[www.kalamacademy.org/wp-json/wp/v2/posts/11460.json]
[www.kalamacademy.org/wp-json/oembed/1.0/embed0e1f.json]
[www.kalamacademy.org/indexc537.html]
[www.kalamacademy.org/wp-json/oembed/1.0/embed3e04]
[www.kalamacademy.org/wp-content/uploads/2024/01/WhatsApp-Image-2024-01-05-at-17.08.16_2b9df509-1024x576.jpg]
[www.kalamacademy.org/wp-content/uploads/2024/01/20240108_160626_0000-1024x576.jpg]
[www.kalamacademy.org/wp-content/uploads/2024/01/WhatsApp-Image-2024-01-05-at-17.08.16_310157cc-1024x576.jpg]
[www.kalamacademy.org/wp-content/uploads/2024/01/20240108_185905_0000.jpg]
[www.kalamacademy.org/wp-content/uploads/2024/01/Best-Digital-Marketing-Institute-in-Ranchi-800-x-300-px.jpg]
[www.kalamacademy.org/wp-content/uploads/2024/01/Best-Digital-Marketing-Institute-in-Ranchi-1.jpg]
[www.kalamacademy.org/wp-content/uploads/2024/01/WhatsApp-Image-2024-01-12-at-19.01.34_4e537adf-1-1024x214.jpg]
[www.kalamacademy.org/digital-marketing-in-hindi/index.html]
[www.kalamacademy.org/index4291.html]
[www.kalamacademy.org/xmlrpc.php]
[www.kalamacademy.org/index8600.html]
[www.kalamacademy.org/index1c97.html]
[www.kalamacademy.org/index3d56.html]
[www.kalamacademy.org/indexb3cc.html]
[www.kalamacademy.org/indexcca7.html]
[www.kalamacademy.org/index2edf.html]
[www.kalamacademy.org/index7553.html]
[www.kalamacademy.org/indexe3fd.html]
[www.kalamacademy.org/index27bb.html]
[www.kalamacademy.org/index69c4.html]
[www.kalamacademy.org/index7755.html]
[www.kalamacademy.org/indexb231.html]
[www.kalamacademy.org/index42c0.html]
[www.kalamacademy.org/wp-json/wp/v2/tags/75.json]
[www.kalamacademy.org/tag/website-banwane-ka-cost-kitna-hai/index.html]
[www.kalamacademy.org/tag/website-banwane-ka-cost-kitna-hai/feed/index.html]
[www.kalamacademy.org/wp-json/wp/v2/tags/74.json]
[www.kalamacademy.org/tag/website-banwane-ka-kharcha/index.html]
[www.kalamacademy.org/tag/website-banwane-ka-kharcha/feed/index.html]
[www.kalamacademy.org/wp-json/wp/v2/tags/72.json]
[www.kalamacademy.org/tag/website-development-cost-in-india/index.html]
[www.kalamacademy.org/tag/वेबसाइट-बनवाने-का-कितना-प/index.html]
[www.kalamacademy.org/indexa195.html]
[www.kalamacademy.org/index919b.html]
[www.kalamacademy.org/start-online-grocery-delivery-service/index.html]
[www.kalamacademy.org/index85a1.html]
[www.kalamacademy.org/wp-content/uploads/elementor/css/post-3303dcef.css]
[www.kalamacademy.org/index389e.html]
[www.kalamacademy.org/index50ca.html]
[www.kalamacademy.org/indexd3a4.html]
[www.kalamacademy.org/indexe7e0.html]
[www.kalamacademy.org/indexc537.html]
[www.kalamacademy.org/tag/website-development-cost-in-india/feed/index.html]
